#
# There is insufficient memory for the Java Runtime Environment to continue.
# Native memory allocation (mmap) failed to map 1644167168 bytes. Error detail: G1 virtual space
# Possible reasons:
#   The system is out of physical RAM or swap space
#   This process is running with CompressedOops enabled, and the Java Heap may be blocking the growth of the native heap
# Possible solutions:
#   Reduce memory load on the system
#   Increase physical memory or swap space
#   Check if swap backing store is full
#   Decrease Java heap size (-Xmx/-Xms)
#   Decrease number of Java threads
#   Decrease Java thread stack sizes (-Xss)
#   Set larger code cache with -XX:ReservedCodeCacheSize=
#   JVM is running with Zero Based Compressed Oops mode in which the Java heap is
#     placed in the first 32GB address space. The Java Heap base address is the
#     maximum limit for the native heap growth. Please use -XX:HeapBaseMinAddress
#     to set the Java Heap base and to place the Java Heap above 32GB virtual address.
# This output file may be truncated or incomplete.
#
#  Out of Memory Error (os_windows.cpp:3618), pid=20864, tid=24744
#
# JRE version: OpenJDK Runtime Environment Temurin-17.0.18+8 (17.0.18+8) (build 17.0.18+8)
# Java VM: OpenJDK 64-Bit Server VM Temurin-17.0.18+8 (17.0.18+8, mixed mode, sharing, tiered, compressed oops, compressed class ptrs, g1 gc, windows-amd64)
# No core dump will be written. Minidumps are not enabled by default on client versions of Windows
#

---------------  S U M M A R Y ------------

Command Line: --add-opens=java.base/java.util=ALL-UNNAMED --add-opens=java.base/java.lang=ALL-UNNAMED --add-opens=java.base/java.lang.invoke=ALL-UNNAMED --add-opens=java.base/java.util=ALL-UNNAMED --add-opens=java.prefs/java.util.prefs=ALL-UNNAMED --add-opens=java.prefs/java.util.prefs=ALL-UNNAMED --add-opens=java.base/java.nio.charset=ALL-UNNAMED --add-opens=java.base/java.net=ALL-UNNAMED --add-opens=java.base/java.util.concurrent.atomic=ALL-UNNAMED -Xmx16G -Dfile.encoding=UTF-8 -Duser.country=GB -Duser.language=en -Duser.variant org.gradle.launcher.daemon.bootstrap.GradleDaemon 7.5.1

Host: Intel(R) Core(TM) i5-7200U CPU @ 2.50GHz, 4 cores, 7G,  Windows 10 , 64 bit Build 19041 (10.0.19041.5915)
Time: Tue Apr 21 12:22:39 2026 GMT Summer Time elapsed time: 509.174183 seconds (0d 0h 8m 29s)

---------------  T H R E A D  ---------------

Current thread (0x00000237e21c3030):  VMThread "VM Thread" [stack: 0x000000cc96500000,0x000000cc96600000] [id=24744]

Stack: [0x000000cc96500000,0x000000cc96600000]
Native frames: (J=compiled Java code, j=interpreted, Vv=VM code, C=native code)
V  [jvm.dll+0x6846f9]
V  [jvm.dll+0x839ea5]
V  [jvm.dll+0x83b91e]
V  [jvm.dll+0x83bfa3]
V  [jvm.dll+0x248eff]
V  [jvm.dll+0x6814b9]
V  [jvm.dll+0x6762ba]
V  [jvm.dll+0x309257]
V  [jvm.dll+0x310826]
V  [jvm.dll+0x360d9e]
V  [jvm.dll+0x360fdd]
V  [jvm.dll+0x2e02dc]
V  [jvm.dll+0x2de6b2]
V  [jvm.dll+0x2dde4c]
V  [jvm.dll+0x320aeb]
V  [jvm.dll+0x8407bd]
V  [jvm.dll+0x8414f3]
V  [jvm.dll+0x841a1f]
V  [jvm.dll+0x841e05]
V  [jvm.dll+0x841ece]
V  [jvm.dll+0x7eaaec]
V  [jvm.dll+0x6835c7]
C  [ucrtbase.dll+0x21bb2]
C  [KERNEL32.DLL+0x17374]
C  [ntdll.dll+0x4cc91]

VM_Operation (0x000000cc9bcfeaa0): G1CollectForAllocation, mode: safepoint, requested by thread 0x000002382f120470


---------------  P R O C E S S  ---------------

Threads class SMR info:
_java_thread_list=0x000002382ff42e40, length=85, elements={
0x00000237a35fbf90, 0x00000237e21cc6f0, 0x00000237e21cf490, 0x00000237e4730080,
0x00000237e4730a40, 0x00000237e4731a10, 0x00000237e47323d0, 0x00000237e4736500,
0x00000237e473c0b0, 0x00000237e47606c0, 0x00000237e48e0050, 0x00000237e48e2950,
0x000002382b6eef80, 0x000002382b6f08d0, 0x000002382b6f0de0, 0x000002382b6eea70,
0x000002382b6f12f0, 0x000002382b6edb40, 0x000002382b6ef490, 0x000002382b6ee560,
0x000002382b6ef9a0, 0x000002382b6efeb0, 0x000002382b6ee050, 0x000002382bc05b00,
0x000002382bc06010, 0x000002382bc06a30, 0x000002382bc07e70, 0x000002382bc06f40,
0x000002382bc07450, 0x000002382bc050e0, 0x000002382bc055f0, 0x000002382bc08380,
0x000002382bc08890, 0x000002382be11dc0, 0x000002382be113a0, 0x000002382be10470,
0x000002382be0c7b0, 0x000002382be0ff60, 0x000002382be0f540, 0x000002382be12cf0,
0x000002382be127e0, 0x000002382be0dbf0, 0x000002382be13200, 0x000002382be0bd90,
0x000002382be0e610, 0x000002382be0eb20, 0x000002382be0f030, 0x000002382be0fa50,
0x000002382be13710, 0x000002382a32ee90, 0x000002382a32acc0, 0x000002382a32a7b0,
0x000002382a32b1d0, 0x000002382a32e470, 0x000002382a32cb20, 0x000002382a32b6e0,
0x000002382a32f3a0, 0x000002382a329370, 0x000002382a32bbf0, 0x000002382a32d030,
0x000002382a328440, 0x000002382a32c100, 0x000002382a32c610, 0x000002382a32d540,
0x000002382a328e60, 0x000002382a329880, 0x000002382a32da50, 0x000002382a329d90,
0x000002382a32df60, 0x000002382a32fdc0, 0x000002382a32a2a0, 0x000002382a328950,
0x000002382a32e980, 0x000002382be0ccc0, 0x000002382c846f70, 0x000002382c846550,
0x000002382c8492e0, 0x000002382c8488c0, 0x000002382c846040, 0x000002382c847480,
0x000002382f123710, 0x000002382f11fa50, 0x000002382f121dc0, 0x000002382f120470,
0x000002382e8b4970
}

Java Threads: ( => current thread )
  0x00000237a35fbf90 JavaThread "main" [_thread_blocked, id=13152, stack(0x000000cc95f00000,0x000000cc96000000)]
  0x00000237e21cc6f0 JavaThread "Reference Handler" daemon [_thread_blocked, id=20576, stack(0x000000cc96600000,0x000000cc96700000)]
  0x00000237e21cf490 JavaThread "Finalizer" daemon [_thread_blocked, id=28136, stack(0x000000cc96700000,0x000000cc96800000)]
  0x00000237e4730080 JavaThread "Signal Dispatcher" daemon [_thread_blocked, id=19992, stack(0x000000cc96800000,0x000000cc96900000)]
  0x00000237e4730a40 JavaThread "Attach Listener" daemon [_thread_blocked, id=35020, stack(0x000000cc96900000,0x000000cc96a00000)]
  0x00000237e4731a10 JavaThread "Service Thread" daemon [_thread_blocked, id=11180, stack(0x000000cc96a00000,0x000000cc96b00000)]
  0x00000237e47323d0 JavaThread "Monitor Deflation Thread" daemon [_thread_blocked, id=240, stack(0x000000cc96b00000,0x000000cc96c00000)]
  0x00000237e4736500 JavaThread "C2 CompilerThread0" daemon [_thread_in_native, id=19840, stack(0x000000cc96c00000,0x000000cc96d00000)]
  0x00000237e473c0b0 JavaThread "C1 CompilerThread0" daemon [_thread_blocked, id=28380, stack(0x000000cc96d00000,0x000000cc96e00000)]
  0x00000237e47606c0 JavaThread "Sweeper thread" daemon [_thread_blocked, id=26680, stack(0x000000cc96e00000,0x000000cc96f00000)]
  0x00000237e48e0050 JavaThread "Common-Cleaner" daemon [_thread_blocked, id=11484, stack(0x000000cc96f00000,0x000000cc97000000)]
  0x00000237e48e2950 JavaThread "Notification Thread" daemon [_thread_blocked, id=21732, stack(0x000000cc97000000,0x000000cc97100000)]
  0x000002382b6eef80 JavaThread "Daemon health stats" [_thread_blocked, id=28184, stack(0x000000cc97600000,0x000000cc97700000)]
  0x000002382b6f08d0 JavaThread "Incoming local TCP Connector on port 50340" [_thread_in_native, id=27096, stack(0x000000cc97700000,0x000000cc97800000)]
  0x000002382b6f0de0 JavaThread "Daemon periodic checks" [_thread_blocked, id=5940, stack(0x000000cc97800000,0x000000cc97900000)]
  0x000002382b6eea70 JavaThread "Daemon" [_thread_blocked, id=28728, stack(0x000000cc97900000,0x000000cc97a00000)]
  0x000002382b6f12f0 JavaThread "Handler for socket connection from /127.0.0.1:50340 to /127.0.0.1:50341" [_thread_in_native, id=5344, stack(0x000000cc97a00000,0x000000cc97b00000)]
  0x000002382b6edb40 JavaThread "Cancel handler" [_thread_blocked, id=27996, stack(0x000000cc97b00000,0x000000cc97c00000)]
  0x000002382b6ef490 JavaThread "Daemon worker" [_thread_blocked, id=24740, stack(0x000000cc97c00000,0x000000cc97d00000)]
  0x000002382b6ee560 JavaThread "Asynchronous log dispatcher for DefaultDaemonConnection: socket connection from /127.0.0.1:50340 to /127.0.0.1:50341" [_thread_blocked, id=30304, stack(0x000000cc97d00000,0x000000cc97e00000)]
  0x000002382b6ef9a0 JavaThread "Stdin handler" [_thread_blocked, id=22044, stack(0x000000cc97e00000,0x000000cc97f00000)]
  0x000002382b6efeb0 JavaThread "Daemon client event forwarder" [_thread_blocked, id=16280, stack(0x000000cc97f00000,0x000000cc98000000)]
  0x000002382b6ee050 JavaThread "Cache worker for journal cache (C:\Users\alexw\.gradle\caches\journal-1)" [_thread_blocked, id=952, stack(0x000000cc98000000,0x000000cc98100000)]
  0x000002382bc05b00 JavaThread "File lock request listener" [_thread_in_native, id=23656, stack(0x000000cc98100000,0x000000cc98200000)]
  0x000002382bc06010 JavaThread "Cache worker for file hash cache (C:\Users\alexw\.gradle\caches\7.5.1\fileHashes)" [_thread_blocked, id=28864, stack(0x000000cc98200000,0x000000cc98300000)]
  0x000002382bc06a30 JavaThread "File watcher server" daemon [_thread_in_native, id=1332, stack(0x000000cc98300000,0x000000cc98400000)]
  0x000002382bc07e70 JavaThread "File watcher consumer" daemon [_thread_blocked, id=31584, stack(0x000000cc98400000,0x000000cc98500000)]
  0x000002382bc06f40 JavaThread "jar transforms" [_thread_blocked, id=17520, stack(0x000000cc97400000,0x000000cc97500000)]
  0x000002382bc07450 JavaThread "jar transforms Thread 2" [_thread_blocked, id=15152, stack(0x000000cc98500000,0x000000cc98600000)]
  0x000002382bc050e0 JavaThread "jar transforms Thread 3" [_thread_blocked, id=22280, stack(0x000000cc98600000,0x000000cc98700000)]
  0x000002382bc055f0 JavaThread "jar transforms Thread 4" [_thread_blocked, id=31128, stack(0x000000cc98700000,0x000000cc98800000)]
  0x000002382bc08380 JavaThread "Cache worker for checksums cache (E:\DumbCode\.gradle\7.5.1\checksums)" [_thread_blocked, id=9808, stack(0x000000cc98800000,0x000000cc98900000)]
  0x000002382bc08890 JavaThread "Cache worker for cache directory md-rule (C:\Users\alexw\.gradle\caches\7.5.1\md-rule)" [_thread_blocked, id=15468, stack(0x000000cc98900000,0x000000cc98a00000)]
  0x000002382be11dc0 JavaThread "Cache worker for file content cache (C:\Users\alexw\.gradle\caches\7.5.1\fileContent)" [_thread_blocked, id=24220, stack(0x000000cc98a00000,0x000000cc98b00000)]
  0x000002382be113a0 JavaThread "Cache worker for file hash cache (E:\DumbCode\.gradle\7.5.1\fileHashes)" [_thread_blocked, id=1324, stack(0x000000cc98b00000,0x000000cc98c00000)]
  0x000002382be10470 JavaThread "Cache worker for cache directory md-supplier (C:\Users\alexw\.gradle\caches\7.5.1\md-supplier)" [_thread_blocked, id=30536, stack(0x000000cc98c00000,0x000000cc98d00000)]
  0x000002382be0c7b0 JavaThread "Cache worker for execution history cache (C:\Users\alexw\.gradle\caches\7.5.1\executionHistory)" [_thread_blocked, id=2512, stack(0x000000cc98d00000,0x000000cc98e00000)]
  0x000002382be0ff60 JavaThread "Cache worker for dependencies-accessors (E:\DumbCode\.gradle\7.5.1\dependencies-accessors)" [_thread_blocked, id=7276, stack(0x000000cc98f00000,0x000000cc99000000)]
  0x000002382be0f540 JavaThread "Cache worker for Build Output Cleanup Cache (E:\DumbCode\.gradle\buildOutputCleanup)" [_thread_blocked, id=23984, stack(0x000000cc98e00000,0x000000cc98f00000)]
  0x000002382be12cf0 JavaThread "Unconstrained build operations" [_thread_blocked, id=32820, stack(0x000000cc99300000,0x000000cc99400000)]
  0x000002382be127e0 JavaThread "Unconstrained build operations Thread 2" [_thread_blocked, id=4752, stack(0x000000cc99400000,0x000000cc99500000)]
  0x000002382be0dbf0 JavaThread "Memory manager" [_thread_blocked, id=31044, stack(0x000000cc99700000,0x000000cc99800000)]
  0x000002382be13200 JavaThread "Unconstrained build operations Thread 3" [_thread_blocked, id=5436, stack(0x000000cc99800000,0x000000cc99900000)]
  0x000002382be0bd90 JavaThread "Unconstrained build operations Thread 4" [_thread_blocked, id=24424, stack(0x000000cc99900000,0x000000cc99a00000)]
  0x000002382be0e610 JavaThread "Unconstrained build operations Thread 5" [_thread_blocked, id=2140, stack(0x000000cc99a00000,0x000000cc99b00000)]
  0x000002382be0eb20 JavaThread "Unconstrained build operations Thread 6" [_thread_blocked, id=28648, stack(0x000000cc99b00000,0x000000cc99c00000)]
  0x000002382be0f030 JavaThread "Unconstrained build operations Thread 7" [_thread_blocked, id=21300, stack(0x000000cc99c00000,0x000000cc99d00000)]
  0x000002382be0fa50 JavaThread "Unconstrained build operations Thread 8" [_thread_blocked, id=22228, stack(0x000000cc99d00000,0x000000cc99e00000)]
  0x000002382be13710 JavaThread "Unconstrained build operations Thread 9" [_thread_blocked, id=29260, stack(0x000000cc99e00000,0x000000cc99f00000)]
  0x000002382a32ee90 JavaThread "Unconstrained build operations Thread 10" [_thread_blocked, id=23036, stack(0x000000cc99f00000,0x000000cc9a000000)]
  0x000002382a32acc0 JavaThread "Unconstrained build operations Thread 11" [_thread_blocked, id=21688, stack(0x000000cc9a000000,0x000000cc9a100000)]
  0x000002382a32a7b0 JavaThread "Unconstrained build operations Thread 12" [_thread_blocked, id=22596, stack(0x000000cc9a100000,0x000000cc9a200000)]
  0x000002382a32b1d0 JavaThread "Unconstrained build operations Thread 13" [_thread_blocked, id=24800, stack(0x000000cc9a200000,0x000000cc9a300000)]
  0x000002382a32e470 JavaThread "Unconstrained build operations Thread 14" [_thread_blocked, id=10808, stack(0x000000cc9a300000,0x000000cc9a400000)]
  0x000002382a32cb20 JavaThread "Unconstrained build operations Thread 15" [_thread_blocked, id=32928, stack(0x000000cc95c00000,0x000000cc95d00000)]
  0x000002382a32b6e0 JavaThread "Unconstrained build operations Thread 16" [_thread_blocked, id=6992, stack(0x000000cc95d00000,0x000000cc95e00000)]
  0x000002382a32f3a0 JavaThread "Unconstrained build operations Thread 17" [_thread_blocked, id=18760, stack(0x000000cc95e00000,0x000000cc95f00000)]
  0x000002382a329370 JavaThread "Unconstrained build operations Thread 18" [_thread_blocked, id=32696, stack(0x000000cc9a400000,0x000000cc9a500000)]
  0x000002382a32bbf0 JavaThread "Unconstrained build operations Thread 19" [_thread_blocked, id=34788, stack(0x000000cc9a500000,0x000000cc9a600000)]
  0x000002382a32d030 JavaThread "Unconstrained build operations Thread 20" [_thread_blocked, id=34404, stack(0x000000cc9a600000,0x000000cc9a700000)]
  0x000002382a328440 JavaThread "Unconstrained build operations Thread 21" [_thread_blocked, id=14688, stack(0x000000cc9a700000,0x000000cc9a800000)]
  0x000002382a32c100 JavaThread "Unconstrained build operations Thread 22" [_thread_blocked, id=34336, stack(0x000000cc9a800000,0x000000cc9a900000)]
  0x000002382a32c610 JavaThread "Unconstrained build operations Thread 23" [_thread_blocked, id=21464, stack(0x000000cc9a900000,0x000000cc9aa00000)]
  0x000002382a32d540 JavaThread "Unconstrained build operations Thread 24" [_thread_blocked, id=6516, stack(0x000000cc9aa00000,0x000000cc9ab00000)]
  0x000002382a328e60 JavaThread "Unconstrained build operations Thread 25" [_thread_blocked, id=30476, stack(0x000000cc9ab00000,0x000000cc9ac00000)]
  0x000002382a329880 JavaThread "Unconstrained build operations Thread 26" [_thread_blocked, id=18152, stack(0x000000cc9ac00000,0x000000cc9ad00000)]
  0x000002382a32da50 JavaThread "Unconstrained build operations Thread 27" [_thread_blocked, id=7940, stack(0x000000cc9ad00000,0x000000cc9ae00000)]
  0x000002382a329d90 JavaThread "Unconstrained build operations Thread 28" [_thread_blocked, id=33436, stack(0x000000cc9ae00000,0x000000cc9af00000)]
  0x000002382a32df60 JavaThread "Unconstrained build operations Thread 29" [_thread_blocked, id=34120, stack(0x000000cc9af00000,0x000000cc9b000000)]
  0x000002382a32fdc0 JavaThread "Unconstrained build operations Thread 30" [_thread_blocked, id=32668, stack(0x000000cc9b000000,0x000000cc9b100000)]
  0x000002382a32a2a0 JavaThread "Unconstrained build operations Thread 31" [_thread_blocked, id=5212, stack(0x000000cc9b100000,0x000000cc9b200000)]
  0x000002382a328950 JavaThread "Unconstrained build operations Thread 32" [_thread_blocked, id=27512, stack(0x000000cc9b200000,0x000000cc9b300000)]
  0x000002382a32e980 JavaThread "Unconstrained build operations Thread 33" [_thread_blocked, id=7964, stack(0x000000cc9b300000,0x000000cc9b400000)]
  0x000002382be0ccc0 JavaThread "Unconstrained build operations Thread 34" [_thread_blocked, id=16224, stack(0x000000cc9b400000,0x000000cc9b500000)]
  0x000002382c846f70 JavaThread "Unconstrained build operations Thread 35" [_thread_blocked, id=31524, stack(0x000000cc9b500000,0x000000cc9b600000)]
  0x000002382c846550 JavaThread "Unconstrained build operations Thread 36" [_thread_blocked, id=35200, stack(0x000000cc9b600000,0x000000cc9b700000)]
  0x000002382c8492e0 JavaThread "Unconstrained build operations Thread 37" [_thread_blocked, id=10052, stack(0x000000cc9b700000,0x000000cc9b800000)]
  0x000002382c8488c0 JavaThread "Unconstrained build operations Thread 38" [_thread_blocked, id=34392, stack(0x000000cc9b800000,0x000000cc9b900000)]
  0x000002382c846040 JavaThread "Unconstrained build operations Thread 39" [_thread_blocked, id=19832, stack(0x000000cc9b900000,0x000000cc9ba00000)]
  0x000002382c847480 JavaThread "Unconstrained build operations Thread 40" [_thread_blocked, id=20124, stack(0x000000cc9ba00000,0x000000cc9bb00000)]
  0x000002382f123710 JavaThread "pool-3-thread-1" [_thread_blocked, id=12076, stack(0x000000cc99100000,0x000000cc99200000)]
  0x000002382f11fa50 JavaThread "pool-3-thread-2" [_thread_blocked, id=18916, stack(0x000000cc99200000,0x000000cc99300000)]
  0x000002382f121dc0 JavaThread "pool-3-thread-3" [_thread_blocked, id=16172, stack(0x000000cc9bb00000,0x000000cc9bc00000)]
  0x000002382f120470 JavaThread "pool-3-thread-4" [_thread_blocked, id=23784, stack(0x000000cc9bc00000,0x000000cc9bd00000)]
  0x000002382e8b4970 JavaThread "C2 CompilerThread1" daemon [_thread_in_native, id=29704, stack(0x000000cc9be00000,0x000000cc9bf00000)]

Other Threads:
=>0x00000237e21c3030 VMThread "VM Thread" [stack: 0x000000cc96500000,0x000000cc96600000] [id=24744]
  0x00000237e48e3e40 WatcherThread [stack: 0x000000cc97100000,0x000000cc97200000] [id=9448]
  0x00000237e20219b0 GCTaskThread "GC Thread#0" [stack: 0x000000cc96000000,0x000000cc96100000] [id=35272]
  0x00000237e499ea10 GCTaskThread "GC Thread#1" [stack: 0x000000cc97200000,0x000000cc97300000] [id=17428]
  0x00000237e499ecd0 GCTaskThread "GC Thread#2" [stack: 0x000000cc97300000,0x000000cc97400000] [id=9400]
  0x00000237e49a0c30 GCTaskThread "GC Thread#3" [stack: 0x000000cc97500000,0x000000cc97600000] [id=27704]
  0x00000237a36ae6e0 ConcurrentGCThread "G1 Main Marker" [stack: 0x000000cc96100000,0x000000cc96200000] [id=31828]
  0x00000237e202eb30 ConcurrentGCThread "G1 Conc#0" [stack: 0x000000cc96200000,0x000000cc96300000] [id=31684]
  0x00000237e207ea40 ConcurrentGCThread "G1 Refine#0" [stack: 0x000000cc96300000,0x000000cc96400000] [id=24948]
  0x000002382ee9e3b0 ConcurrentGCThread "G1 Refine#1" [stack: 0x000000cc99500000,0x000000cc99600000] [id=21452]
  0x000002382ee9e6a0 ConcurrentGCThread "G1 Refine#2" [stack: 0x000000cc99600000,0x000000cc99700000] [id=35288]
  0x000002382cb2fbc0 ConcurrentGCThread "G1 Refine#3" [stack: 0x000000cc9bd00000,0x000000cc9be00000] [id=12220]
  0x00000237e207f470 ConcurrentGCThread "G1 Service" [stack: 0x000000cc96400000,0x000000cc96500000] [id=21408]

Threads with active compile tasks:
C2 CompilerThread0  509259 21457       4       org.objectweb.asm.ClassReader::readField (671 bytes)
C2 CompilerThread1  509259 21452 %     4       org.objectweb.asm.ClassReader::accept @ 194 (1412 bytes)

VM state: at safepoint (normal execution)

VM Mutex/Monitor currently owned by a thread:  ([mutex/lock_event])
[0x00000237a352e610] Threads_lock - owner thread: 0x00000237e21c3030
[0x00000237a352e970] Heap_lock - owner thread: 0x000002382f120470

Heap address: 0x0000000400000000, size: 16384 MB, Compressed Oops mode: Zero based, Oop shift amount: 3

CDS archive(s) mapped at: [0x00000237e5000000-0x00000237e5bb0000-0x00000237e5bb0000), size 12255232, SharedBaseAddress: 0x00000237e5000000, ArchiveRelocationMode: 1.
Compressed class space mapped at: 0x00000237e6000000-0x0000023826000000, reserved size: 1073741824
Narrow klass base: 0x00000237e5000000, Narrow klass shift: 0, Narrow klass range: 0x100000000

GC Precious Log:
 CPUs: 4 total, 4 available
 Memory: 8088M
 Large Page Support: Disabled
 NUMA Support: Disabled
 Compressed Oops: Enabled (Zero based)
 Heap Region Size: 8M
 Heap Min Capacity: 8M
 Heap Initial Capacity: 128M
 Heap Max Capacity: 16G
 Pre-touch: Disabled
 Parallel Workers: 4
 Concurrent Workers: 1
 Concurrent Refinement Workers: 4
 Periodic GC: Disabled

Heap:
 garbage-first heap   total 1474560K, used 746461K [0x0000000400000000, 0x0000000800000000)
  region size 8192K, 1 young (8192K), 1 survivors (8192K)
 Metaspace       used 91934K, committed 92864K, reserved 1179648K
  class space    used 11840K, committed 12288K, reserved 1048576K

Heap Regions: E=young(eden), S=young(survivor), O=old, HS=humongous(starts), HC=humongous(continues), CS=collection set, F=free, OA=open archive, CA=closed archive, TAMS=top-at-mark-start (previous, next)
|   0|0x0000000400000000, 0x0000000400800000, 0x0000000400800000|100%| O|  |TAMS 0x0000000400800000, 0x0000000400000000| Untracked 
|   1|0x0000000400800000, 0x0000000401000000, 0x0000000401000000|100%| O|  |TAMS 0x0000000401000000, 0x0000000400800000| Untracked 
|   2|0x0000000401000000, 0x0000000401800000, 0x0000000401800000|100%|HS|  |TAMS 0x0000000401800000, 0x0000000401000000| Complete 
|   3|0x0000000401800000, 0x0000000402000000, 0x0000000402000000|100%|HS|  |TAMS 0x0000000402000000, 0x0000000401800000| Complete 
|   4|0x0000000402000000, 0x0000000402800000, 0x0000000402800000|100%| O|  |TAMS 0x0000000402800000, 0x0000000402000000| Untracked 
|   5|0x0000000402800000, 0x0000000403000000, 0x0000000403000000|100%| O|  |TAMS 0x0000000403000000, 0x0000000402800000| Untracked 
|   6|0x0000000403000000, 0x0000000403800000, 0x0000000403800000|100%| O|  |TAMS 0x0000000403800000, 0x0000000403000000| Untracked 
|   7|0x0000000403800000, 0x0000000404000000, 0x0000000404000000|100%| O|  |TAMS 0x0000000404000000, 0x0000000403800000| Untracked 
|   8|0x0000000404000000, 0x0000000404800000, 0x0000000404800000|100%| O|  |TAMS 0x0000000404800000, 0x0000000404000000| Untracked 
|   9|0x0000000404800000, 0x0000000405000000, 0x0000000405000000|100%| O|  |TAMS 0x0000000405000000, 0x0000000404800000| Untracked 
|  10|0x0000000405000000, 0x0000000405800000, 0x0000000405800000|100%| O|  |TAMS 0x0000000405800000, 0x0000000405000000| Untracked 
|  11|0x0000000405800000, 0x0000000405800000, 0x0000000406000000|  0%| F|  |TAMS 0x0000000405800000, 0x0000000405800000| Untracked 
|  12|0x0000000406000000, 0x0000000406800000, 0x0000000406800000|100%| O|  |TAMS 0x0000000406800000, 0x0000000406000000| Untracked 
|  13|0x0000000406800000, 0x0000000407000000, 0x0000000407000000|100%| O|  |TAMS 0x0000000407000000, 0x0000000406800000| Untracked 
|  14|0x0000000407000000, 0x0000000407800000, 0x0000000407800000|100%| O|  |TAMS 0x0000000407800000, 0x0000000407000000| Untracked 
|  15|0x0000000407800000, 0x0000000408000000, 0x0000000408000000|100%| O|  |TAMS 0x0000000408000000, 0x0000000407800000| Untracked 
|  16|0x0000000408000000, 0x0000000408800000, 0x0000000408800000|100%| O|  |TAMS 0x0000000408000000, 0x0000000408000000| Untracked 
|  17|0x0000000408800000, 0x0000000408a1ba00, 0x0000000409000000| 26%| O|  |TAMS 0x0000000408800000, 0x0000000408800000| Untracked 
|  18|0x0000000409000000, 0x0000000409800000, 0x0000000409800000|100%| O|  |TAMS 0x0000000409800000, 0x0000000409000000| Untracked 
|  19|0x0000000409800000, 0x000000040a000000, 0x000000040a000000|100%| O|  |TAMS 0x000000040a000000, 0x0000000409800000| Untracked 
|  20|0x000000040a000000, 0x000000040a800000, 0x000000040a800000|100%| O|  |TAMS 0x000000040a800000, 0x000000040a000000| Untracked 
|  21|0x000000040a800000, 0x000000040a800000, 0x000000040b000000|  0%| F|  |TAMS 0x000000040a800000, 0x000000040a800000| Untracked 
|  22|0x000000040b000000, 0x000000040b800000, 0x000000040b800000|100%| O|  |TAMS 0x000000040b800000, 0x000000040b000000| Untracked 
|  23|0x000000040b800000, 0x000000040c000000, 0x000000040c000000|100%| O|  |TAMS 0x000000040c000000, 0x000000040b800000| Untracked 
|  24|0x000000040c000000, 0x000000040c800000, 0x000000040c800000|100%| O|  |TAMS 0x000000040c800000, 0x000000040c000000| Untracked 
|  25|0x000000040c800000, 0x000000040d000000, 0x000000040d000000|100%| O|  |TAMS 0x000000040d000000, 0x000000040c800000| Untracked 
|  26|0x000000040d000000, 0x000000040d800000, 0x000000040d800000|100%| O|  |TAMS 0x000000040d800000, 0x000000040d000000| Untracked 
|  27|0x000000040d800000, 0x000000040e000000, 0x000000040e000000|100%| O|  |TAMS 0x000000040e000000, 0x000000040d800000| Untracked 
|  28|0x000000040e000000, 0x000000040e800000, 0x000000040e800000|100%| O|  |TAMS 0x000000040e800000, 0x000000040e000000| Untracked 
|  29|0x000000040e800000, 0x000000040e800000, 0x000000040f000000|  0%| F|  |TAMS 0x000000040e800000, 0x000000040e800000| Untracked 
|  30|0x000000040f000000, 0x000000040f800000, 0x000000040f800000|100%| O|  |TAMS 0x000000040f800000, 0x000000040f000000| Untracked 
|  31|0x000000040f800000, 0x0000000410000000, 0x0000000410000000|100%| O|  |TAMS 0x0000000410000000, 0x000000040f800000| Untracked 
|  32|0x0000000410000000, 0x0000000410800000, 0x0000000410800000|100%| O|  |TAMS 0x0000000410800000, 0x0000000410000000| Untracked 
|  33|0x0000000410800000, 0x0000000411000000, 0x0000000411000000|100%| O|  |TAMS 0x0000000411000000, 0x0000000410800000| Untracked 
|  34|0x0000000411000000, 0x0000000411800000, 0x0000000411800000|100%| O|  |TAMS 0x0000000411800000, 0x0000000411000000| Untracked 
|  35|0x0000000411800000, 0x0000000412000000, 0x0000000412000000|100%| O|  |TAMS 0x0000000412000000, 0x0000000411800000| Untracked 
|  36|0x0000000412000000, 0x0000000412800000, 0x0000000412800000|100%| O|  |TAMS 0x0000000412800000, 0x0000000412000000| Untracked 
|  37|0x0000000412800000, 0x0000000412800000, 0x0000000413000000|  0%| F|  |TAMS 0x0000000412800000, 0x0000000412800000| Untracked 
|  38|0x0000000413000000, 0x0000000413800000, 0x0000000413800000|100%| O|  |TAMS 0x0000000413800000, 0x0000000413000000| Untracked 
|  39|0x0000000413800000, 0x0000000414000000, 0x0000000414000000|100%| O|  |TAMS 0x0000000414000000, 0x0000000413800000| Untracked 
|  40|0x0000000414000000, 0x0000000414000000, 0x0000000414800000|  0%| F|  |TAMS 0x0000000414000000, 0x0000000414000000| Untracked 
|  41|0x0000000414800000, 0x0000000415000000, 0x0000000415000000|100%| O|  |TAMS 0x0000000415000000, 0x0000000414800000| Untracked 
|  42|0x0000000415000000, 0x0000000415800000, 0x0000000415800000|100%| O|  |TAMS 0x0000000415800000, 0x0000000415000000| Untracked 
|  43|0x0000000415800000, 0x0000000416000000, 0x0000000416000000|100%| O|  |TAMS 0x0000000416000000, 0x0000000415800000| Untracked 
|  44|0x0000000416000000, 0x0000000416800000, 0x0000000416800000|100%| O|  |TAMS 0x0000000416800000, 0x0000000416000000| Untracked 
|  45|0x0000000416800000, 0x0000000416800000, 0x0000000417000000|  0%| F|  |TAMS 0x0000000416800000, 0x0000000416800000| Untracked 
|  46|0x0000000417000000, 0x0000000417000000, 0x0000000417800000|  0%| F|  |TAMS 0x0000000417000000, 0x0000000417000000| Untracked 
|  47|0x0000000417800000, 0x0000000418000000, 0x0000000418000000|100%| O|  |TAMS 0x0000000418000000, 0x0000000417800000| Untracked 
|  48|0x0000000418000000, 0x0000000418800000, 0x0000000418800000|100%| O|  |TAMS 0x0000000418800000, 0x0000000418000000| Untracked 
|  49|0x0000000418800000, 0x0000000419000000, 0x0000000419000000|100%| O|  |TAMS 0x0000000419000000, 0x0000000418800000| Untracked 
|  50|0x0000000419000000, 0x0000000419800000, 0x0000000419800000|100%| O|  |TAMS 0x0000000419800000, 0x0000000419000000| Untracked 
|  51|0x0000000419800000, 0x000000041a000000, 0x000000041a000000|100%| O|  |TAMS 0x000000041a000000, 0x0000000419800000| Untracked 
|  52|0x000000041a000000, 0x000000041a800000, 0x000000041a800000|100%| O|  |TAMS 0x000000041a800000, 0x000000041a000000| Untracked 
|  53|0x000000041a800000, 0x000000041b000000, 0x000000041b000000|100%| O|  |TAMS 0x000000041b000000, 0x000000041a800000| Untracked 
|  54|0x000000041b000000, 0x000000041b800000, 0x000000041b800000|100%| O|  |TAMS 0x000000041b800000, 0x000000041b000000| Untracked 
|  55|0x000000041b800000, 0x000000041c000000, 0x000000041c000000|100%| O|  |TAMS 0x000000041c000000, 0x000000041b800000| Untracked 
|  56|0x000000041c000000, 0x000000041c800000, 0x000000041c800000|100%| O|  |TAMS 0x000000041c800000, 0x000000041c000000| Untracked 
|  57|0x000000041c800000, 0x000000041d000000, 0x000000041d000000|100%| O|  |TAMS 0x000000041d000000, 0x000000041c800000| Untracked 
|  58|0x000000041d000000, 0x000000041d800000, 0x000000041d800000|100%| O|  |TAMS 0x000000041d800000, 0x000000041d000000| Untracked 
|  59|0x000000041d800000, 0x000000041e000000, 0x000000041e000000|100%| O|  |TAMS 0x000000041e000000, 0x000000041d800000| Untracked 
|  60|0x000000041e000000, 0x000000041e800000, 0x000000041e800000|100%| O|  |TAMS 0x000000041e800000, 0x000000041e000000| Untracked 
|  61|0x000000041e800000, 0x000000041f000000, 0x000000041f000000|100%| O|  |TAMS 0x000000041f000000, 0x000000041e800000| Untracked 
|  62|0x000000041f000000, 0x000000041f800000, 0x000000041f800000|100%| O|  |TAMS 0x000000041f800000, 0x000000041f000000| Untracked 
|  63|0x000000041f800000, 0x0000000420000000, 0x0000000420000000|100%| O|  |TAMS 0x0000000420000000, 0x000000041f800000| Untracked 
|  64|0x0000000420000000, 0x0000000420800000, 0x0000000420800000|100%| O|  |TAMS 0x0000000420800000, 0x0000000420000000| Untracked 
|  65|0x0000000420800000, 0x0000000421000000, 0x0000000421000000|100%| O|  |TAMS 0x0000000421000000, 0x0000000420800000| Untracked 
|  66|0x0000000421000000, 0x0000000421800000, 0x0000000421800000|100%| O|  |TAMS 0x0000000421800000, 0x0000000421000000| Untracked 
|  67|0x0000000421800000, 0x0000000422000000, 0x0000000422000000|100%| O|  |TAMS 0x0000000422000000, 0x0000000421800000| Untracked 
|  68|0x0000000422000000, 0x0000000422800000, 0x0000000422800000|100%| O|  |TAMS 0x0000000422800000, 0x0000000422000000| Untracked 
|  69|0x0000000422800000, 0x0000000423000000, 0x0000000423000000|100%| O|  |TAMS 0x0000000423000000, 0x0000000422800000| Untracked 
|  70|0x0000000423000000, 0x0000000423800000, 0x0000000423800000|100%| O|  |TAMS 0x0000000423800000, 0x0000000423000000| Untracked 
|  71|0x0000000423800000, 0x0000000424000000, 0x0000000424000000|100%| O|  |TAMS 0x0000000424000000, 0x0000000423800000| Untracked 
|  72|0x0000000424000000, 0x0000000424800000, 0x0000000424800000|100%| O|  |TAMS 0x0000000424800000, 0x0000000424000000| Untracked 
|  73|0x0000000424800000, 0x0000000425000000, 0x0000000425000000|100%| O|  |TAMS 0x0000000425000000, 0x0000000424800000| Untracked 
|  74|0x0000000425000000, 0x0000000425800000, 0x0000000425800000|100%| O|  |TAMS 0x0000000425800000, 0x0000000425000000| Untracked 
|  75|0x0000000425800000, 0x0000000426000000, 0x0000000426000000|100%| O|  |TAMS 0x0000000426000000, 0x0000000425800000| Untracked 
|  76|0x0000000426000000, 0x0000000426800000, 0x0000000426800000|100%| O|  |TAMS 0x0000000426800000, 0x0000000426000000| Untracked 
|  77|0x0000000426800000, 0x0000000427000000, 0x0000000427000000|100%| O|  |TAMS 0x0000000427000000, 0x0000000426800000| Untracked 
|  78|0x0000000427000000, 0x0000000427800000, 0x0000000427800000|100%| O|  |TAMS 0x0000000427800000, 0x0000000427000000| Untracked 
|  79|0x0000000427800000, 0x0000000428000000, 0x0000000428000000|100%| O|  |TAMS 0x0000000428000000, 0x0000000427800000| Untracked 
|  80|0x0000000428000000, 0x0000000428800000, 0x0000000428800000|100%| O|  |TAMS 0x0000000428800000, 0x0000000428000000| Untracked 
|  81|0x0000000428800000, 0x0000000429000000, 0x0000000429000000|100%| O|  |TAMS 0x0000000429000000, 0x0000000428800000| Untracked 
|  82|0x0000000429000000, 0x0000000429800000, 0x0000000429800000|100%| O|  |TAMS 0x0000000429800000, 0x0000000429000000| Untracked 
|  83|0x0000000429800000, 0x000000042a000000, 0x000000042a000000|100%| O|  |TAMS 0x000000042a000000, 0x0000000429800000| Untracked 
|  84|0x000000042a000000, 0x000000042a800000, 0x000000042a800000|100%| O|  |TAMS 0x000000042a800000, 0x000000042a000000| Untracked 
|  85|0x000000042a800000, 0x000000042b000000, 0x000000042b000000|100%| O|  |TAMS 0x000000042b000000, 0x000000042a800000| Untracked 
|  86|0x000000042b000000, 0x000000042b800000, 0x000000042b800000|100%| O|  |TAMS 0x000000042b800000, 0x000000042b000000| Untracked 
|  87|0x000000042b800000, 0x000000042c000000, 0x000000042c000000|100%| O|  |TAMS 0x000000042c000000, 0x000000042b800000| Untracked 
|  88|0x000000042c000000, 0x000000042c800000, 0x000000042c800000|100%| O|  |TAMS 0x000000042c800000, 0x000000042c000000| Untracked 
|  89|0x000000042c800000, 0x000000042d000000, 0x000000042d000000|100%| O|  |TAMS 0x000000042d000000, 0x000000042c800000| Untracked 
|  90|0x000000042d000000, 0x000000042d800000, 0x000000042d800000|100%| O|  |TAMS 0x000000042d400000, 0x000000042d000000| Untracked 
|  91|0x000000042d800000, 0x000000042d800000, 0x000000042e000000|  0%| F|  |TAMS 0x000000042d800000, 0x000000042d800000| Untracked 
|  92|0x000000042e000000, 0x000000042e000000, 0x000000042e800000|  0%| F|  |TAMS 0x000000042e000000, 0x000000042e000000| Untracked 
|  93|0x000000042e800000, 0x000000042e800000, 0x000000042f000000|  0%| F|  |TAMS 0x000000042e800000, 0x000000042e800000| Untracked 
|  94|0x000000042f000000, 0x000000042f000000, 0x000000042f800000|  0%| F|  |TAMS 0x000000042f000000, 0x000000042f000000| Untracked 
|  95|0x000000042f800000, 0x000000042f800000, 0x0000000430000000|  0%| F|  |TAMS 0x000000042f800000, 0x000000042f800000| Untracked 
|  96|0x0000000430000000, 0x0000000430000000, 0x0000000430800000|  0%| F|  |TAMS 0x0000000430000000, 0x0000000430000000| Untracked 
|  97|0x0000000430800000, 0x0000000430800000, 0x0000000431000000|  0%| F|  |TAMS 0x0000000430800000, 0x0000000430800000| Untracked 
|  98|0x0000000431000000, 0x0000000431000000, 0x0000000431800000|  0%| F|  |TAMS 0x0000000431000000, 0x0000000431000000| Untracked 
|  99|0x0000000431800000, 0x0000000431800000, 0x0000000432000000|  0%| F|  |TAMS 0x0000000431800000, 0x0000000431800000| Untracked 
| 100|0x0000000432000000, 0x0000000432000000, 0x0000000432800000|  0%| F|  |TAMS 0x0000000432000000, 0x0000000432000000| Untracked 
| 101|0x0000000432800000, 0x0000000432800000, 0x0000000433000000|  0%| F|  |TAMS 0x0000000432800000, 0x0000000432800000| Untracked 
| 102|0x0000000433000000, 0x0000000433000000, 0x0000000433800000|  0%| F|  |TAMS 0x0000000433000000, 0x0000000433000000| Untracked 
| 103|0x0000000433800000, 0x0000000433800000, 0x0000000434000000|  0%| F|  |TAMS 0x0000000433800000, 0x0000000433800000| Untracked 
| 104|0x0000000434000000, 0x0000000434000000, 0x0000000434800000|  0%| F|  |TAMS 0x0000000434000000, 0x0000000434000000| Untracked 
| 105|0x0000000434800000, 0x0000000434800000, 0x0000000435000000|  0%| F|  |TAMS 0x0000000434800000, 0x0000000434800000| Untracked 
| 106|0x0000000435000000, 0x0000000435000000, 0x0000000435800000|  0%| F|  |TAMS 0x0000000435000000, 0x0000000435000000| Untracked 
| 107|0x0000000435800000, 0x0000000435800000, 0x0000000436000000|  0%| F|  |TAMS 0x0000000435800000, 0x0000000435800000| Untracked 
| 108|0x0000000436000000, 0x0000000436000000, 0x0000000436800000|  0%| F|  |TAMS 0x0000000436000000, 0x0000000436000000| Untracked 
| 109|0x0000000436800000, 0x0000000436800000, 0x0000000437000000|  0%| F|  |TAMS 0x0000000436800000, 0x0000000436800000| Untracked 
| 110|0x0000000437000000, 0x0000000437000000, 0x0000000437800000|  0%| F|  |TAMS 0x0000000437000000, 0x0000000437000000| Untracked 
| 111|0x0000000437800000, 0x0000000437800000, 0x0000000438000000|  0%| F|  |TAMS 0x0000000437800000, 0x0000000437800000| Untracked 
| 112|0x0000000438000000, 0x0000000438000000, 0x0000000438800000|  0%| F|  |TAMS 0x0000000438000000, 0x0000000438000000| Untracked 
| 113|0x0000000438800000, 0x0000000438800000, 0x0000000439000000|  0%| F|  |TAMS 0x0000000438800000, 0x0000000438800000| Untracked 
| 114|0x0000000439000000, 0x0000000439000000, 0x0000000439800000|  0%| F|  |TAMS 0x0000000439000000, 0x0000000439000000| Untracked 
| 115|0x0000000439800000, 0x0000000439800000, 0x000000043a000000|  0%| F|  |TAMS 0x0000000439800000, 0x0000000439800000| Untracked 
| 116|0x000000043a000000, 0x000000043a000000, 0x000000043a800000|  0%| F|  |TAMS 0x000000043a000000, 0x000000043a000000| Untracked 
| 117|0x000000043a800000, 0x000000043a800000, 0x000000043b000000|  0%| F|  |TAMS 0x000000043a800000, 0x000000043a800000| Untracked 
| 118|0x000000043b000000, 0x000000043b000000, 0x000000043b800000|  0%| F|  |TAMS 0x000000043b000000, 0x000000043b000000| Untracked 
| 119|0x000000043b800000, 0x000000043b800000, 0x000000043c000000|  0%| F|  |TAMS 0x000000043b800000, 0x000000043b800000| Untracked 
| 120|0x000000043c000000, 0x000000043c000000, 0x000000043c800000|  0%| F|  |TAMS 0x000000043c000000, 0x000000043c000000| Untracked 
| 121|0x000000043c800000, 0x000000043c800000, 0x000000043d000000|  0%| F|  |TAMS 0x000000043c800000, 0x000000043c800000| Untracked 
| 122|0x000000043d000000, 0x000000043d000000, 0x000000043d800000|  0%| F|  |TAMS 0x000000043d000000, 0x000000043d000000| Untracked 
| 123|0x000000043d800000, 0x000000043d800000, 0x000000043e000000|  0%| F|  |TAMS 0x000000043d800000, 0x000000043d800000| Untracked 
| 124|0x000000043e000000, 0x000000043e000000, 0x000000043e800000|  0%| F|  |TAMS 0x000000043e000000, 0x000000043e000000| Untracked 
| 125|0x000000043e800000, 0x000000043e800000, 0x000000043f000000|  0%| F|  |TAMS 0x000000043e800000, 0x000000043e800000| Untracked 
| 126|0x000000043f000000, 0x000000043f000000, 0x000000043f800000|  0%| F|  |TAMS 0x000000043f000000, 0x000000043f000000| Untracked 
| 127|0x000000043f800000, 0x000000043f800000, 0x0000000440000000|  0%| F|  |TAMS 0x000000043f800000, 0x000000043f800000| Untracked 
| 128|0x0000000440000000, 0x0000000440000000, 0x0000000440800000|  0%| F|  |TAMS 0x0000000440000000, 0x0000000440000000| Untracked 
| 129|0x0000000440800000, 0x0000000440800000, 0x0000000441000000|  0%| F|  |TAMS 0x0000000440800000, 0x0000000440800000| Untracked 
| 130|0x0000000441000000, 0x0000000441000000, 0x0000000441800000|  0%| F|  |TAMS 0x0000000441000000, 0x0000000441000000| Untracked 
| 131|0x0000000441800000, 0x0000000441800000, 0x0000000442000000|  0%| F|  |TAMS 0x0000000441800000, 0x0000000441800000| Untracked 
| 132|0x0000000442000000, 0x0000000442000000, 0x0000000442800000|  0%| F|  |TAMS 0x0000000442000000, 0x0000000442000000| Untracked 
| 133|0x0000000442800000, 0x0000000442800000, 0x0000000443000000|  0%| F|  |TAMS 0x0000000442800000, 0x0000000442800000| Untracked 
| 134|0x0000000443000000, 0x0000000443000000, 0x0000000443800000|  0%| F|  |TAMS 0x0000000443000000, 0x0000000443000000| Untracked 
| 135|0x0000000443800000, 0x0000000443800000, 0x0000000444000000|  0%| F|  |TAMS 0x0000000443800000, 0x0000000443800000| Untracked 
| 136|0x0000000444000000, 0x0000000444000000, 0x0000000444800000|  0%| F|  |TAMS 0x0000000444000000, 0x0000000444000000| Untracked 
| 137|0x0000000444800000, 0x0000000444800000, 0x0000000445000000|  0%| F|  |TAMS 0x0000000444800000, 0x0000000444800000| Untracked 
| 138|0x0000000445000000, 0x0000000445000000, 0x0000000445800000|  0%| F|  |TAMS 0x0000000445000000, 0x0000000445000000| Untracked 
| 139|0x0000000445800000, 0x0000000445800000, 0x0000000446000000|  0%| F|  |TAMS 0x0000000445800000, 0x0000000445800000| Untracked 
| 140|0x0000000446000000, 0x0000000446000000, 0x0000000446800000|  0%| F|  |TAMS 0x0000000446000000, 0x0000000446000000| Untracked 
| 141|0x0000000446800000, 0x0000000446800000, 0x0000000447000000|  0%| F|  |TAMS 0x0000000446800000, 0x0000000446800000| Untracked 
| 142|0x0000000447000000, 0x0000000447000000, 0x0000000447800000|  0%| F|  |TAMS 0x0000000447000000, 0x0000000447000000| Untracked 
| 143|0x0000000447800000, 0x0000000447800000, 0x0000000448000000|  0%| F|  |TAMS 0x0000000447800000, 0x0000000447800000| Untracked 
| 144|0x0000000448000000, 0x0000000448000000, 0x0000000448800000|  0%| F|  |TAMS 0x0000000448000000, 0x0000000448000000| Untracked 
| 145|0x0000000448800000, 0x0000000448800000, 0x0000000449000000|  0%| F|  |TAMS 0x0000000448800000, 0x0000000448800000| Untracked 
| 146|0x0000000449000000, 0x0000000449000000, 0x0000000449800000|  0%| F|  |TAMS 0x0000000449000000, 0x0000000449000000| Untracked 
| 147|0x0000000449800000, 0x0000000449800000, 0x000000044a000000|  0%| F|  |TAMS 0x0000000449800000, 0x0000000449800000| Untracked 
| 148|0x000000044a000000, 0x000000044a000000, 0x000000044a800000|  0%| F|  |TAMS 0x000000044a000000, 0x000000044a000000| Untracked 
| 149|0x000000044a800000, 0x000000044a800000, 0x000000044b000000|  0%| F|  |TAMS 0x000000044a800000, 0x000000044a800000| Untracked 
| 150|0x000000044b000000, 0x000000044b000000, 0x000000044b800000|  0%| F|  |TAMS 0x000000044b000000, 0x000000044b000000| Untracked 
| 151|0x000000044b800000, 0x000000044b800000, 0x000000044c000000|  0%| F|  |TAMS 0x000000044b800000, 0x000000044b800000| Untracked 
| 152|0x000000044c000000, 0x000000044c000000, 0x000000044c800000|  0%| F|  |TAMS 0x000000044c000000, 0x000000044c000000| Untracked 
| 153|0x000000044c800000, 0x000000044c800000, 0x000000044d000000|  0%| F|  |TAMS 0x000000044c800000, 0x000000044c800000| Untracked 
| 154|0x000000044d000000, 0x000000044d000000, 0x000000044d800000|  0%| F|  |TAMS 0x000000044d000000, 0x000000044d000000| Untracked 
| 155|0x000000044d800000, 0x000000044d800000, 0x000000044e000000|  0%| F|  |TAMS 0x000000044d800000, 0x000000044d800000| Untracked 
| 156|0x000000044e000000, 0x000000044e000000, 0x000000044e800000|  0%| F|  |TAMS 0x000000044e000000, 0x000000044e000000| Untracked 
| 157|0x000000044e800000, 0x000000044e800000, 0x000000044f000000|  0%| F|  |TAMS 0x000000044e800000, 0x000000044e800000| Untracked 
| 158|0x000000044f000000, 0x000000044f000000, 0x000000044f800000|  0%| F|  |TAMS 0x000000044f000000, 0x000000044f000000| Untracked 
| 159|0x000000044f800000, 0x000000044f800000, 0x0000000450000000|  0%| F|  |TAMS 0x000000044f800000, 0x000000044f800000| Untracked 
| 160|0x0000000450000000, 0x0000000450000000, 0x0000000450800000|  0%| F|  |TAMS 0x0000000450000000, 0x0000000450000000| Untracked 
| 161|0x0000000450800000, 0x0000000450800000, 0x0000000451000000|  0%| F|  |TAMS 0x0000000450800000, 0x0000000450800000| Untracked 
| 162|0x0000000451000000, 0x0000000451000000, 0x0000000451800000|  0%| F|  |TAMS 0x0000000451000000, 0x0000000451000000| Untracked 
| 163|0x0000000451800000, 0x0000000451800000, 0x0000000452000000|  0%| F|  |TAMS 0x0000000451800000, 0x0000000451800000| Untracked 
| 164|0x0000000452000000, 0x00000004526dbae0, 0x0000000452800000| 85%| S|CS|TAMS 0x0000000452000000, 0x0000000452000000| Complete 
| 165|0x0000000452800000, 0x0000000452800000, 0x0000000453000000|  0%| F|  |TAMS 0x0000000452800000, 0x0000000452800000| Untracked 
|2034|0x00000007f9000000, 0x00000007f9800000, 0x00000007f9800000|100%| O|  |TAMS 0x00000007f9800000, 0x00000007f9000000| Untracked 
|2035|0x00000007f9800000, 0x00000007fa000000, 0x00000007fa000000|100%| O|  |TAMS 0x00000007fa000000, 0x00000007f9800000| Untracked 
|2036|0x00000007fa000000, 0x00000007fa800000, 0x00000007fa800000|100%| O|  |TAMS 0x00000007fa800000, 0x00000007fa000000| Untracked 
|2037|0x00000007fa800000, 0x00000007fb000000, 0x00000007fb000000|100%| O|  |TAMS 0x00000007fb000000, 0x00000007fa800000| Untracked 
|2038|0x00000007fb000000, 0x00000007fb800000, 0x00000007fb800000|100%| O|  |TAMS 0x00000007fb800000, 0x00000007fb000000| Untracked 
|2039|0x00000007fb800000, 0x00000007fc000000, 0x00000007fc000000|100%| O|  |TAMS 0x00000007fc000000, 0x00000007fb800000| Untracked 
|2040|0x00000007fc000000, 0x00000007fc800000, 0x00000007fc800000|100%| O|  |TAMS 0x00000007fc800000, 0x00000007fc000000| Untracked 
|2041|0x00000007fc800000, 0x00000007fc800000, 0x00000007fd000000|  0%| F|  |TAMS 0x00000007fc800000, 0x00000007fc800000| Untracked 
|2042|0x00000007fd000000, 0x00000007fd000000, 0x00000007fd800000|  0%| F|  |TAMS 0x00000007fd000000, 0x00000007fd000000| Untracked 
|2043|0x00000007fd800000, 0x00000007fd800000, 0x00000007fe000000|  0%| F|  |TAMS 0x00000007fd800000, 0x00000007fd800000| Untracked 
|2044|0x00000007fe000000, 0x00000007fe000000, 0x00000007fe800000|  0%| F|  |TAMS 0x00000007fe000000, 0x00000007fe000000| Untracked 
|2045|0x00000007fe800000, 0x00000007fe800000, 0x00000007ff000000|  0%| F|  |TAMS 0x00000007fe800000, 0x00000007fe800000| Untracked 
|2046|0x00000007ff000000, 0x00000007ff000000, 0x00000007ff800000|  0%| F|  |TAMS 0x00000007ff000000, 0x00000007ff000000| Untracked 
|2047|0x00000007ff800000, 0x00000007ff800000, 0x0000000800000000|  0%| F|  |TAMS 0x00000007ff800000, 0x00000007ff800000| Untracked 

Card table byte_map: [0x00000237bdf90000,0x00000237bff90000] _byte_map_base: 0x00000237bbf90000

Marking Bits (Prev, Next): (CMBitMap*) 0x00000237a36a9000, (CMBitMap*) 0x00000237a36a9040
 Prev Bits: [0x00000237c1f90000, 0x00000237d1f90000)
 Next Bits: [0x00000237d1f90000, 0x00000237e1f90000)

Polling page: 0x00000237a36b0000

Metaspace:

Usage:
  Non-class:     78.22 MB used.
      Class:     11.56 MB used.
       Both:     89.78 MB used.

Virtual space:
  Non-class space:      128.00 MB reserved,      78.69 MB ( 61%) committed,  2 nodes.
      Class space:        1.00 GB reserved,      12.00 MB (  1%) committed,  1 nodes.
             Both:        1.12 GB reserved,      90.69 MB (  8%) committed. 

Chunk freelists:
   Non-Class:  1.19 MB
       Class:  3.97 MB
        Both:  5.16 MB

MaxMetaspaceSize: unlimited
CompressedClassSpaceSize: 1.00 GB
Initial GC threshold: 21.00 MB
Current GC threshold: 151.19 MB
CDS: on
MetaspaceReclaimPolicy: balanced
 - commit_granule_bytes: 65536.
 - commit_granule_words: 8192.
 - virtual_space_node_default_size: 8388608.
 - enlarge_chunks_in_place: 1.
 - new_chunks_are_fully_committed: 0.
 - uncommit_free_chunks: 1.
 - use_allocation_guard: 0.
 - handle_deallocations: 1.


Internal statistics:

num_allocs_failed_limit: 12.
num_arena_births: 1114.
num_arena_deaths: 26.
num_vsnodes_births: 3.
num_vsnodes_deaths: 0.
num_space_committed: 1451.
num_space_uncommitted: 0.
num_chunks_returned_to_freelist: 77.
num_chunks_taken_from_freelist: 4670.
num_chunk_merges: 10.
num_chunk_splits: 3037.
num_chunks_enlarged: 1994.
num_inconsistent_stats: 0.

CodeHeap 'non-profiled nmethods': size=120000Kb used=17294Kb max_used=18141Kb free=102705Kb
 bounds [0x00000237b4440000, 0x00000237b5600000, 0x00000237bb970000]
CodeHeap 'profiled nmethods': size=120000Kb used=27985Kb max_used=29364Kb free=92014Kb
 bounds [0x00000237ac970000, 0x00000237ae630000, 0x00000237b3ea0000]
CodeHeap 'non-nmethods': size=5760Kb used=2434Kb max_used=2568Kb free=3325Kb
 bounds [0x00000237b3ea0000, 0x00000237b4160000, 0x00000237b4440000]
 total_blobs=16348 nmethods=15380 adapters=879
 compilation: enabled
              stopped_count=0, restarted_count=0
 full_count=0

Compilation events (20 events):
Event: 508.627 Thread 0x00000237e4736500 nmethod 21434 0x00000237b5174210 code [0x00000237b51746c0, 0x00000237b517b728]
Event: 508.628 Thread 0x00000237e4736500 21441       4       net.fabricmc.tinyremapper.AsmClassRemapper$AsmMethodRemapper::getAsmIndex (38 bytes)
Event: 508.632 Thread 0x00000237e4736500 nmethod 21441 0x00000237b54d8310 code [0x00000237b54d84a0, 0x00000237b54d86f8]
Event: 508.632 Thread 0x00000237e4736500 21443       4       org.objectweb.asm.SymbolTable::addType (81 bytes)
Event: 508.683 Thread 0x00000237e473c0b0 21447       3       org.objectweb.asm.AnnotationVisitor::visitEnd (15 bytes)
Event: 508.683 Thread 0x00000237e473c0b0 nmethod 21447 0x00000237ad870f10 code [0x00000237ad8710c0, 0x00000237ad8712c8]
Event: 508.687 Thread 0x00000237e4736500 nmethod 21443 0x00000237b52eae90 code [0x00000237b52eb060, 0x00000237b52ec758]
Event: 508.687 Thread 0x00000237e4736500 21445       4       org.objectweb.asm.tree.MethodNode::accept (874 bytes)
Event: 508.790 Thread 0x00000237e473c0b0 21448       3       org.objectweb.asm.MethodWriter::visitAnnotation (40 bytes)
Event: 508.790 Thread 0x00000237e473c0b0 nmethod 21448 0x00000237ad273290 code [0x00000237ad273460, 0x00000237ad273738]
Event: 508.800 Thread 0x00000237e473c0b0 21450       3       net.fabricmc.tinyremapper.ClassInstance::resolveMethod (348 bytes)
Event: 508.804 Thread 0x00000237e473c0b0 nmethod 21450 0x00000237aca92510 code [0x00000237aca92a80, 0x00000237aca967f8]
Event: 508.931 Thread 0x000002382e8b4970 nmethod 21440 0x00000237b55d2f90 code [0x00000237b55d3520, 0x00000237b55dbc08]
Event: 508.932 Thread 0x000002382e8b4970 21452 %     4       org.objectweb.asm.ClassReader::accept @ 194 (1412 bytes)
Event: 508.938 Thread 0x00000237e4736500 nmethod 21445 0x00000237b557c290 code [0x00000237b557c780, 0x00000237b5582d78]
Event: 508.938 Thread 0x00000237e4736500 21449       4       org.objectweb.asm.Frame::putAbstractType (379 bytes)
Event: 508.951 Thread 0x00000237e473c0b0 21454       3       java.util.ArrayDeque::pollLast (36 bytes)
Event: 508.951 Thread 0x00000237e473c0b0 nmethod 21454 0x00000237adc2b710 code [0x00000237adc2b8e0, 0x00000237adc2bcf8]
Event: 509.086 Thread 0x00000237e4736500 nmethod 21449 0x00000237b54cc910 code [0x00000237b54ccc60, 0x00000237b54d1710]
Event: 509.086 Thread 0x00000237e4736500 21457       4       org.objectweb.asm.ClassReader::readField (671 bytes)

GC Heap History (20 events):
Event: 498.087 GC heap after
{Heap after GC invocations=72 (full 0):
 garbage-first heap   total 868352K, used 322840K [0x0000000400000000, 0x0000000800000000)
  region size 8192K, 4 young (32768K), 4 survivors (32768K)
 Metaspace       used 91398K, committed 92352K, reserved 1179648K
  class space    used 11794K, committed 12224K, reserved 1048576K
}
Event: 499.098 GC heap before
{Heap before GC invocations=72 (full 0):
 garbage-first heap   total 868352K, used 650520K [0x0000000400000000, 0x0000000800000000)
  region size 8192K, 45 young (368640K), 4 survivors (32768K)
 Metaspace       used 91399K, committed 92352K, reserved 1179648K
  class space    used 11794K, committed 12224K, reserved 1048576K
}
Event: 499.167 GC heap after
{Heap after GC invocations=73 (full 0):
 garbage-first heap   total 868352K, used 382978K [0x0000000400000000, 0x0000000800000000)
  region size 8192K, 6 young (49152K), 6 survivors (49152K)
 Metaspace       used 91399K, committed 92352K, reserved 1179648K
  class space    used 11794K, committed 12224K, reserved 1048576K
}
Event: 500.487 GC heap before
{Heap before GC invocations=73 (full 0):
 garbage-first heap   total 868352K, used 677890K [0x0000000400000000, 0x0000000800000000)
  region size 8192K, 42 young (344064K), 6 survivors (49152K)
 Metaspace       used 91400K, committed 92352K, reserved 1179648K
  class space    used 11794K, committed 12224K, reserved 1048576K
}
Event: 500.588 GC heap after
{Heap after GC invocations=74 (full 0):
 garbage-first heap   total 868352K, used 436014K [0x0000000400000000, 0x0000000800000000)
  region size 8192K, 6 young (49152K), 6 survivors (49152K)
 Metaspace       used 91400K, committed 92352K, reserved 1179648K
  class space    used 11794K, committed 12224K, reserved 1048576K
}
Event: 502.234 GC heap before
{Heap before GC invocations=74 (full 0):
 garbage-first heap   total 868352K, used 673582K [0x0000000400000000, 0x0000000800000000)
  region size 8192K, 36 young (294912K), 6 survivors (49152K)
 Metaspace       used 91424K, committed 92352K, reserved 1179648K
  class space    used 11799K, committed 12224K, reserved 1048576K
}
Event: 502.323 GC heap after
{Heap after GC invocations=75 (full 0):
 garbage-first heap   total 1048576K, used 510437K [0x0000000400000000, 0x0000000800000000)
  region size 8192K, 5 young (40960K), 5 survivors (40960K)
 Metaspace       used 91424K, committed 92352K, reserved 1179648K
  class space    used 11799K, committed 12224K, reserved 1048576K
}
Event: 502.958 GC heap before
{Heap before GC invocations=75 (full 0):
 garbage-first heap   total 1048576K, used 788965K [0x0000000400000000, 0x0000000800000000)
  region size 8192K, 39 young (319488K), 5 survivors (40960K)
 Metaspace       used 91432K, committed 92352K, reserved 1179648K
  class space    used 11799K, committed 12224K, reserved 1048576K
}
Event: 503.174 GC heap after
{Heap after GC invocations=76 (full 0):
 garbage-first heap   total 1105920K, used 784786K [0x0000000400000000, 0x0000000800000000)
  region size 8192K, 5 young (40960K), 5 survivors (40960K)
 Metaspace       used 91432K, committed 92352K, reserved 1179648K
  class space    used 11799K, committed 12224K, reserved 1048576K
}
Event: 504.087 GC heap before
{Heap before GC invocations=77 (full 0):
 garbage-first heap   total 1310720K, used 833938K [0x0000000400000000, 0x0000000800000000)
  region size 8192K, 14 young (114688K), 5 survivors (40960K)
 Metaspace       used 91494K, committed 92416K, reserved 1179648K
  class space    used 11804K, committed 12224K, reserved 1048576K
}
Event: 504.150 GC heap after
{Heap after GC invocations=78 (full 0):
 garbage-first heap   total 1310720K, used 790528K [0x0000000400000000, 0x0000000800000000)
  region size 8192K, 2 young (16384K), 2 survivors (16384K)
 Metaspace       used 91494K, committed 92416K, reserved 1179648K
  class space    used 11804K, committed 12224K, reserved 1048576K
}
Event: 504.480 GC heap before
{Heap before GC invocations=78 (full 0):
 garbage-first heap   total 1310720K, used 839680K [0x0000000400000000, 0x0000000800000000)
  region size 8192K, 8 young (65536K), 2 survivors (16384K)
 Metaspace       used 91494K, committed 92416K, reserved 1179648K
  class space    used 11804K, committed 12224K, reserved 1048576K
}
Event: 504.506 GC heap after
{Heap after GC invocations=79 (full 0):
 garbage-first heap   total 1310720K, used 754091K [0x0000000400000000, 0x0000000800000000)
  region size 8192K, 1 young (8192K), 1 survivors (8192K)
 Metaspace       used 91494K, committed 92416K, reserved 1179648K
  class space    used 11804K, committed 12224K, reserved 1048576K
}
Event: 505.612 GC heap before
{Heap before GC invocations=79 (full 0):
 garbage-first heap   total 1310720K, used 917931K [0x0000000400000000, 0x0000000800000000)
  region size 8192K, 22 young (180224K), 1 survivors (8192K)
 Metaspace       used 91908K, committed 92864K, reserved 1179648K
  class space    used 11839K, committed 12288K, reserved 1048576K
}
Event: 505.636 GC heap after
{Heap after GC invocations=80 (full 0):
 garbage-first heap   total 1310720K, used 756949K [0x0000000400000000, 0x0000000800000000)
  region size 8192K, 1 young (8192K), 1 survivors (8192K)
 Metaspace       used 91908K, committed 92864K, reserved 1179648K
  class space    used 11839K, committed 12288K, reserved 1048576K
}
Event: 507.875 GC heap before
{Heap before GC invocations=80 (full 0):
 garbage-first heap   total 1474560K, used 937173K [0x0000000400000000, 0x0000000800000000)
  region size 8192K, 23 young (188416K), 1 survivors (8192K)
 Metaspace       used 91931K, committed 92864K, reserved 1179648K
  class space    used 11840K, committed 12288K, reserved 1048576K
}
Event: 507.895 GC heap after
{Heap after GC invocations=81 (full 0):
 garbage-first heap   total 1474560K, used 759063K [0x0000000400000000, 0x0000000800000000)
  region size 8192K, 2 young (16384K), 2 survivors (16384K)
 Metaspace       used 91931K, committed 92864K, reserved 1179648K
  class space    used 11840K, committed 12288K, reserved 1048576K
}
Event: 508.905 GC heap before
{Heap before GC invocations=82 (full 0):
 garbage-first heap   total 1474560K, used 1013015K [0x0000000400000000, 0x0000000800000000)
  region size 8192K, 33 young (270336K), 2 survivors (16384K)
 Metaspace       used 91934K, committed 92864K, reserved 1179648K
  class space    used 11840K, committed 12288K, reserved 1048576K
}
Event: 508.924 GC heap after
{Heap after GC invocations=83 (full 0):
 garbage-first heap   total 1474560K, used 761480K [0x0000000400000000, 0x0000000800000000)
  region size 8192K, 2 young (16384K), 2 survivors (16384K)
 Metaspace       used 91934K, committed 92864K, reserved 1179648K
  class space    used 11840K, committed 12288K, reserved 1048576K
}
Event: 509.138 GC heap before
{Heap before GC invocations=83 (full 0):
 garbage-first heap   total 1474560K, used 818824K [0x0000000400000000, 0x0000000800000000)
  region size 8192K, 10 young (81920K), 2 survivors (16384K)
 Metaspace       used 91934K, committed 92864K, reserved 1179648K
  class space    used 11840K, committed 12288K, reserved 1048576K
}

Dll operation events (13 events):
Event: 0.011 Loaded shared library C:\Users\alexw\.jdks\temurin-17.0.18\bin\java.dll
Event: 0.036 Loaded shared library C:\Users\alexw\.jdks\temurin-17.0.18\bin\jsvml.dll
Event: 0.100 Loaded shared library C:\Users\alexw\.jdks\temurin-17.0.18\bin\net.dll
Event: 0.104 Loaded shared library C:\Users\alexw\.jdks\temurin-17.0.18\bin\nio.dll
Event: 0.111 Loaded shared library C:\Users\alexw\.jdks\temurin-17.0.18\bin\zip.dll
Event: 0.397 Loaded shared library C:\Users\alexw\.jdks\temurin-17.0.18\bin\jimage.dll
Event: 0.506 Loaded shared library C:\Users\alexw\.jdks\temurin-17.0.18\bin\verify.dll
Event: 0.825 Loaded shared library C:\Users\alexw\.gradle\native\e1d6ef7f7dcc3fd88c89a11ec53ec762bb8ba0a96d01ffa2cd45eb1d1d8dd5c5\windows-amd64\native-platform.dll
Event: 1.100 Loaded shared library C:\Users\alexw\.gradle\native\0d407fdbe67a94daf76414ababcb853783967236a71b16ec16e742cd7a986fd3\windows-amd64\native-platform-file-events.dll
Event: 2.456 Loaded shared library C:\Users\alexw\.jdks\temurin-17.0.18\bin\management.dll
Event: 2.467 Loaded shared library C:\Users\alexw\.jdks\temurin-17.0.18\bin\management_ext.dll
Event: 2.877 Loaded shared library C:\Users\alexw\.jdks\temurin-17.0.18\bin\extnet.dll
Event: 3.243 Loaded shared library C:\Users\alexw\.jdks\temurin-17.0.18\bin\sunmscapi.dll

Deoptimization events (20 events):
Event: 506.883 Thread 0x000002382f120470 DEOPT PACKING pc=0x00000237b55c11cc sp=0x000000cc9bcfed90
Event: 506.883 Thread 0x000002382f120470 DEOPT UNPACKING pc=0x00000237b3ef69a3 sp=0x000000cc9bcfed90 mode 2
Event: 507.496 Thread 0x000002382f120470 Uncommon trap: trap_request=0xffffff45 fr.pc=0x00000237b51878b4 relative=0x0000000000006054
Event: 507.496 Thread 0x000002382f120470 Uncommon trap: reason=unstable_if action=reinterpret pc=0x00000237b51878b4 method=org.objectweb.asm.signature.SignatureReader.parseType(Ljava/lang/String;ILorg/objectweb/asm/signature/SignatureVisitor;)I @ 14 c2
Event: 507.496 Thread 0x000002382f120470 DEOPT PACKING pc=0x00000237b51878b4 sp=0x000000cc9bcfe5f0
Event: 507.496 Thread 0x000002382f120470 DEOPT UNPACKING pc=0x00000237b3ef69a3 sp=0x000000cc9bcfe5e0 mode 2
Event: 508.173 Thread 0x000002382f121dc0 DEOPT PACKING pc=0x00000237ae535c93 sp=0x000000cc9bbfe990
Event: 508.173 Thread 0x000002382f121dc0 DEOPT UNPACKING pc=0x00000237b3ef7143 sp=0x000000cc9bbfdfe0 mode 0
Event: 508.319 Thread 0x000002382f121dc0 Uncommon trap: trap_request=0xffffffde fr.pc=0x00000237b48adccc relative=0x000000000000a4ac
Event: 508.319 Thread 0x000002382f121dc0 Uncommon trap: reason=class_check action=maybe_recompile pc=0x00000237b48adccc method=org.objectweb.asm.ClassReader.readCode(Lorg/objectweb/asm/MethodVisitor;Lorg/objectweb/asm/Context;I)V @ 3607 c2
Event: 508.319 Thread 0x000002382f121dc0 DEOPT PACKING pc=0x00000237b48adccc sp=0x000000cc9bbfe6f0
Event: 508.319 Thread 0x000002382f121dc0 DEOPT UNPACKING pc=0x00000237b3ef69a3 sp=0x000000cc9bbfe658 mode 2
Event: 508.617 Thread 0x000002382f120470 Uncommon trap: trap_request=0xffffff45 fr.pc=0x00000237b49aa71c relative=0x000000000000063c
Event: 508.618 Thread 0x000002382f120470 Uncommon trap: reason=unstable_if action=reinterpret pc=0x00000237b49aa71c method=javax.lang.model.SourceVersion.isKeyword(Ljava/lang/CharSequence;Ljavax/lang/model/SourceVersion;)Z @ 16 c2
Event: 508.618 Thread 0x000002382f120470 DEOPT PACKING pc=0x00000237b49aa71c sp=0x000000cc9bcfe7d0
Event: 508.618 Thread 0x000002382f120470 DEOPT UNPACKING pc=0x00000237b3ef69a3 sp=0x000000cc9bcfe758 mode 2
Event: 508.985 Thread 0x000002382f11fa50 Uncommon trap: trap_request=0xffffff76 fr.pc=0x00000237b55ee840 relative=0x0000000000003d80
Event: 508.985 Thread 0x000002382f11fa50 Uncommon trap: reason=predicate action=maybe_recompile pc=0x00000237b55ee840 method=org.objectweb.asm.ClassReader.readField(Lorg/objectweb/asm/ClassVisitor;Lorg/objectweb/asm/Context;I)I @ 576 c2
Event: 508.985 Thread 0x000002382f11fa50 DEOPT PACKING pc=0x00000237b55ee840 sp=0x000000cc992fe8f0
Event: 508.985 Thread 0x000002382f11fa50 DEOPT UNPACKING pc=0x00000237b3ef69a3 sp=0x000000cc992fe8c8 mode 2

Classes loaded (20 events):
Event: 200.692 Loading class sun/security/util/JarConstraintsParameters
Event: 200.693 Loading class sun/security/util/JarConstraintsParameters done
Event: 200.694 Loading class java/util/Base64$Decoder
Event: 200.695 Loading class java/util/Base64$Decoder done
Event: 200.696 Loading class java/util/jar/JarVerifier$VerifierStream
Event: 200.697 Loading class java/util/jar/JarVerifier$VerifierStream done
Event: 200.697 Loading class sun/security/util/ManifestEntryVerifier$SunProviderHolder
Event: 200.697 Loading class sun/security/util/ManifestEntryVerifier$SunProviderHolder done
Event: 351.211 Loading class sun/security/ssl/Alert$AlertMessage
Event: 351.212 Loading class sun/security/ssl/Alert$AlertMessage done
Event: 497.356 Loading class java/util/zip/ZipError
Event: 497.501 Loading class java/util/zip/ZipError done
Event: 502.204 Loading class java/util/stream/SortedOps$SizedRefSortingSink
Event: 502.205 Loading class java/util/stream/SortedOps$SizedRefSortingSink done
Event: 502.206 Loading class java/util/stream/ReduceOps$2
Event: 502.207 Loading class java/util/stream/ReduceOps$2 done
Event: 502.207 Loading class java/util/stream/ReduceOps$2ReducingSink
Event: 502.207 Loading class java/util/stream/ReduceOps$2ReducingSink done
Event: 504.565 Loading class java/util/stream/MatchOps$2MatchSink
Event: 504.566 Loading class java/util/stream/MatchOps$2MatchSink done

Classes unloaded (20 events):
Event: 198.648 Thread 0x00000237e21c3030 Unloading class 0x00000237e6b4aaf8 '_BuildScript_$_run_closure5$_closure18'
Event: 198.648 Thread 0x00000237e21c3030 Unloading class 0x00000237e6b4a710 '_BuildScript_$_run_closure5$_closure17$_closure19'
Event: 198.648 Thread 0x00000237e21c3030 Unloading class 0x00000237e6b4a328 '_BuildScript_$_run_closure5$_closure17'
Event: 198.648 Thread 0x00000237e21c3030 Unloading class 0x00000237e6b49f40 '_BuildScript_$_run_closure5'
Event: 198.648 Thread 0x00000237e21c3030 Unloading class 0x00000237e6b49b58 '_BuildScript_$_run_closure4'
Event: 198.648 Thread 0x00000237e21c3030 Unloading class 0x00000237e6b49770 '_BuildScript_$_run_closure3$_closure14$_closure15$_closure16'
Event: 198.648 Thread 0x00000237e21c3030 Unloading class 0x00000237e6b49388 '_BuildScript_$_run_closure3$_closure14$_closure15'
Event: 198.648 Thread 0x00000237e21c3030 Unloading class 0x00000237e6b48fa0 '_BuildScript_$_run_closure3$_closure14'
Event: 198.648 Thread 0x00000237e21c3030 Unloading class 0x00000237e6b48bb8 '_BuildScript_$_run_closure3$_closure13'
Event: 198.648 Thread 0x00000237e21c3030 Unloading class 0x00000237e6b487d0 '_BuildScript_$_run_closure3'
Event: 198.648 Thread 0x00000237e21c3030 Unloading class 0x00000237e6b483e8 '_BuildScript_$_run_closure2$_closure10'
Event: 198.648 Thread 0x00000237e21c3030 Unloading class 0x00000237e6b48000 '_BuildScript_$_run_closure2$_closure9$_closure12'
Event: 198.648 Thread 0x00000237e21c3030 Unloading class 0x00000237e6b45bb8 '_BuildScript_$_run_closure2$_closure9$_closure11'
Event: 198.648 Thread 0x00000237e21c3030 Unloading class 0x00000237e6b457d0 '_BuildScript_$_run_closure2$_closure9'
Event: 198.648 Thread 0x00000237e21c3030 Unloading class 0x00000237e6b453e8 '_BuildScript_$_run_closure2'
Event: 198.648 Thread 0x00000237e21c3030 Unloading class 0x00000237e6b45000 '_BuildScript_$_run_closure1$_closure8'
Event: 198.648 Thread 0x00000237e21c3030 Unloading class 0x00000237e6b44400 '_BuildScript_$_run_closure1'
Event: 198.648 Thread 0x00000237e21c3030 Unloading class 0x00000237e6b44800 '_BuildScript_'
Event: 198.649 Thread 0x00000237e21c3030 Unloading class 0x00000237e69a5538 '_BuildScript_$_run_closure1'
Event: 198.649 Thread 0x00000237e21c3030 Unloading class 0x00000237e69a5000 '_BuildScript_'

Classes redefined (0 events):
No events

Internal exceptions (20 events):
Event: 200.290 Thread 0x000002382b6ef490 Exception <a 'sun/nio/fs/WindowsException'{0x00000004290ae578}> (0x00000004290ae578) 
thrown [s\src\hotspot\share\prims\jni.cpp, line 516]
Event: 200.290 Thread 0x000002382b6ef490 Exception <a 'sun/nio/fs/WindowsException'{0x00000004290b15d0}> (0x00000004290b15d0) 
thrown [s\src\hotspot\share\prims\jni.cpp, line 516]
Event: 200.291 Thread 0x000002382b6ef490 Exception <a 'sun/nio/fs/WindowsException'{0x00000004290b2ec0}> (0x00000004290b2ec0) 
thrown [s\src\hotspot\share\prims\jni.cpp, line 516]
Event: 200.665 Thread 0x000002382b6ef490 Exception <a 'sun/nio/fs/WindowsException'{0x00000004292b86d8}> (0x00000004292b86d8) 
thrown [s\src\hotspot\share\prims\jni.cpp, line 516]
Event: 200.666 Thread 0x000002382b6ef490 Exception <a 'sun/nio/fs/WindowsException'{0x00000004292b8998}> (0x00000004292b8998) 
thrown [s\src\hotspot\share\prims\jni.cpp, line 516]
Event: 466.327 Thread 0x000002382b6ef490 Exception <a 'java/lang/NoSuchMethodError'{0x0000000430c89d38}: 'int java.lang.invoke.DirectMethodHandle$Holder.invokeStaticInit(java.lang.Object, int, java.lang.Object, int)'> (0x0000000430c89d38) 
thrown [s\src\hotspot\share\interpreter\linkResolver.cpp, line 759]
Event: 466.334 Thread 0x000002382b6ef490 Exception <a 'sun/nio/fs/WindowsException'{0x0000000430cd00c8}> (0x0000000430cd00c8) 
thrown [s\src\hotspot\share\prims\jni.cpp, line 516]
Event: 466.334 Thread 0x000002382b6ef490 Exception <a 'sun/nio/fs/WindowsException'{0x0000000430cd1740}> (0x0000000430cd1740) 
thrown [s\src\hotspot\share\prims\jni.cpp, line 516]
Event: 466.334 Thread 0x000002382b6ef490 Exception <a 'sun/nio/fs/WindowsException'{0x0000000430cd18b0}> (0x0000000430cd18b0) 
thrown [s\src\hotspot\share\prims\jni.cpp, line 516]
Event: 466.470 Thread 0x000002382b6ef490 Exception <a 'java/lang/NoSuchMethodError'{0x000000042e12ec00}: 'void java.lang.invoke.DirectMethodHandle$Holder.invokeStatic(java.lang.Object, java.lang.Object, java.lang.Object, java.lang.Object, int, java.lang.Object)'> (0x000000042e12ec00) 
thrown [s\src\hotspot\share\interpreter\linkResolver.cpp, line 759]
Event: 466.473 Thread 0x000002382b6ef490 Exception <a 'java/lang/NoSuchMethodError'{0x000000042e145210}: 'java.lang.Object java.lang.invoke.DirectMethodHandle$Holder.invokeSpecial(java.lang.Object, java.lang.Object, int, java.lang.Object, int)'> (0x000000042e145210) 
thrown [s\src\hotspot\share\interpreter\linkResolver.cpp, line 759]
Event: 466.480 Thread 0x000002382b6ef490 Exception <a 'sun/nio/fs/WindowsException'{0x000000042e190480}> (0x000000042e190480) 
thrown [s\src\hotspot\share\prims\jni.cpp, line 516]
Event: 466.480 Thread 0x000002382b6ef490 Exception <a 'sun/nio/fs/WindowsException'{0x000000042e191bb8}> (0x000000042e191bb8) 
thrown [s\src\hotspot\share\prims\jni.cpp, line 516]
Event: 466.481 Thread 0x000002382b6ef490 Exception <a 'sun/nio/fs/WindowsException'{0x000000042e1932f8}> (0x000000042e1932f8) 
thrown [s\src\hotspot\share\prims\jni.cpp, line 516]
Event: 466.481 Thread 0x000002382b6ef490 Exception <a 'sun/nio/fs/WindowsException'{0x000000042e194d28}> (0x000000042e194d28) 
thrown [s\src\hotspot\share\prims\jni.cpp, line 516]
Event: 466.482 Thread 0x000002382b6ef490 Exception <a 'sun/nio/fs/WindowsException'{0x000000042e197ce8}> (0x000000042e197ce8) 
thrown [s\src\hotspot\share\prims\jni.cpp, line 516]
Event: 466.482 Thread 0x000002382b6ef490 Exception <a 'sun/nio/fs/WindowsException'{0x000000042e1995a0}> (0x000000042e1995a0) 
thrown [s\src\hotspot\share\prims\jni.cpp, line 516]
Event: 497.517 Thread 0x000002382f11fa50 Implicit null exception at 0x00000237b51d1aac to 0x00000237b51d2319
Event: 503.198 Thread 0x000002382b6ef490 Implicit null exception at 0x00000237b4719494 to 0x00000237b471b8ac
Event: 503.335 Thread 0x000002382b6ef490 Exception <a 'java/lang/NoSuchMethodError'{0x00000007fdb90110}: 'void java.lang.invoke.DirectMethodHandle$Holder.invokeInterface(java.lang.Object, java.lang.Object, java.lang.Object, java.lang.Object)'> (0x00000007fdb90110) 
thrown [s\src\hotspot\share\interpreter\linkResolver.cpp, line 759]

VM Operations (20 events):
Event: 505.856 Executing VM operation: HandshakeAllThreads done
Event: 505.900 Executing VM operation: HandshakeAllThreads
Event: 505.905 Executing VM operation: HandshakeAllThreads done
Event: 506.911 Executing VM operation: Cleanup
Event: 506.912 Executing VM operation: Cleanup done
Event: 507.239 Executing VM operation: G1PauseRemark
Event: 507.251 Executing VM operation: G1PauseRemark done
Event: 507.873 Executing VM operation: G1CollectForAllocation
Event: 507.874 Executing VM operation: G1CollectForAllocation done
Event: 507.875 Executing VM operation: G1CollectForAllocation
Event: 507.895 Executing VM operation: G1CollectForAllocation done
Event: 508.114 Executing VM operation: G1PauseCleanup
Event: 508.115 Executing VM operation: G1PauseCleanup done
Event: 508.903 Executing VM operation: G1CollectForAllocation
Event: 508.904 Executing VM operation: G1CollectForAllocation done
Event: 508.905 Executing VM operation: G1CollectForAllocation
Event: 508.924 Executing VM operation: G1CollectForAllocation done
Event: 509.137 Executing VM operation: G1CollectForAllocation
Event: 509.137 Executing VM operation: G1CollectForAllocation done
Event: 509.138 Executing VM operation: G1CollectForAllocation

Memory protections (0 events):
No events

Nmethod flushes (20 events):
Event: 505.934 Thread 0x00000237e47606c0 flushing  nmethod 0x00000237ae3cfb10
Event: 505.934 Thread 0x00000237e47606c0 flushing  nmethod 0x00000237ae3ee590
Event: 505.934 Thread 0x00000237e47606c0 flushing  nmethod 0x00000237ae3f3b10
Event: 505.934 Thread 0x00000237e47606c0 flushing  nmethod 0x00000237ae400b90
Event: 505.934 Thread 0x00000237e47606c0 flushing  nmethod 0x00000237ae418610
Event: 505.934 Thread 0x00000237e47606c0 flushing  nmethod 0x00000237ae427390
Event: 505.934 Thread 0x00000237e47606c0 flushing  nmethod 0x00000237ae42a290
Event: 505.934 Thread 0x00000237e47606c0 flushing  nmethod 0x00000237ae42ad90
Event: 505.934 Thread 0x00000237e47606c0 flushing  nmethod 0x00000237ae46c010
Event: 505.934 Thread 0x00000237e47606c0 flushing  nmethod 0x00000237ae4a0e10
Event: 505.934 Thread 0x00000237e47606c0 flushing  nmethod 0x00000237ae4cb890
Event: 505.934 Thread 0x00000237e47606c0 flushing  nmethod 0x00000237ae4d1110
Event: 505.935 Thread 0x00000237e47606c0 flushing  nmethod 0x00000237ae502f10
Event: 505.935 Thread 0x00000237e47606c0 flushing  nmethod 0x00000237ae531690
Event: 505.935 Thread 0x00000237e47606c0 flushing  nmethod 0x00000237ae53de10
Event: 505.935 Thread 0x00000237e47606c0 flushing  nmethod 0x00000237ae584c10
Event: 505.935 Thread 0x00000237e47606c0 flushing  nmethod 0x00000237ae5aa890
Event: 505.935 Thread 0x00000237e47606c0 flushing  nmethod 0x00000237ae5aac10
Event: 505.935 Thread 0x00000237e47606c0 flushing  nmethod 0x00000237ae5ab010
Event: 505.935 Thread 0x00000237e47606c0 flushing  nmethod 0x00000237ae5aef90

Events (20 events):
Event: 196.364 Thread 0x000002382f121dc0 Thread exited: 0x000002382f121dc0
Event: 199.440 Thread 0x000002382a96aac0 Thread exited: 0x000002382a96aac0
Event: 199.448 Thread 0x00000237e473c0b0 Thread added: 0x000002382e9d2a60
Event: 201.450 Thread 0x000002382e9d2a60 Thread exited: 0x000002382e9d2a60
Event: 241.119 Thread 0x000002382f11f540 Thread exited: 0x000002382f11f540
Event: 301.122 Thread 0x000002382f11c7b0 Thread exited: 0x000002382f11c7b0
Event: 361.132 Thread 0x000002382f11f030 Thread exited: 0x000002382f11f030
Event: 466.535 Thread 0x00000237e473c0b0 Thread added: 0x000002382d382030
Event: 469.030 Thread 0x000002382d382030 Thread exited: 0x000002382d382030
Event: 497.501 Thread 0x000002382b6ef490 Thread added: 0x000002382f123710
Event: 497.502 Thread 0x000002382b6ef490 Thread added: 0x000002382f11fa50
Event: 497.502 Thread 0x000002382b6ef490 Thread added: 0x000002382f121dc0
Event: 497.502 Thread 0x000002382b6ef490 Thread added: 0x000002382f120470
Event: 497.533 Thread 0x00000237e473c0b0 Thread added: 0x000002382e8b4970
Event: 502.190 Thread 0x000002382e8b4970 Thread exited: 0x000002382e8b4970
Event: 502.346 Thread 0x00000237e4736500 Thread added: 0x000002382e8b4970
Event: 503.203 Thread 0x000002382e8b4970 Thread exited: 0x000002382e8b4970
Event: 503.443 Thread 0x00000237e4736500 Thread added: 0x000002382e8b4970
Event: 504.514 Thread 0x000002382e8b4970 Thread exited: 0x000002382e8b4970
Event: 504.572 Thread 0x00000237e473c0b0 Thread added: 0x000002382e8b4970


Dynamic libraries:
0x00007ff720eb0000 - 0x00007ff720ebe000 	C:\Users\alexw\.jdks\temurin-17.0.18\bin\java.exe
0x00007ffdd6a70000 - 0x00007ffdd6c68000 	C:\WINDOWS\SYSTEM32\ntdll.dll
0x00007ffdd5500000 - 0x00007ffdd55c2000 	C:\WINDOWS\System32\KERNEL32.DLL
0x00007ffdd4390000 - 0x00007ffdd4686000 	C:\WINDOWS\System32\KERNELBASE.dll
0x00007ffdd13b0000 - 0x00007ffdd1444000 	C:\WINDOWS\SYSTEM32\apphelp.dll
0x00007ffdd4690000 - 0x00007ffdd4790000 	C:\WINDOWS\System32\ucrtbase.dll
0x00007ffdcdf90000 - 0x00007ffdcdfae000 	C:\Users\alexw\.jdks\temurin-17.0.18\bin\VCRUNTIME140.dll
0x00007ffdccae0000 - 0x00007ffdccaf8000 	C:\Users\alexw\.jdks\temurin-17.0.18\bin\jli.dll
0x00007ffdd5d10000 - 0x00007ffdd5eb1000 	C:\WINDOWS\System32\USER32.dll
0x00007ffdc52c0000 - 0x00007ffdc555b000 	C:\WINDOWS\WinSxS\amd64_microsoft.windows.common-controls_6595b64144ccf1df_6.0.19041.6456_none_60b8a6cb71f64256\COMCTL32.dll
0x00007ffdd4150000 - 0x00007ffdd4172000 	C:\WINDOWS\System32\win32u.dll
0x00007ffdd5c70000 - 0x00007ffdd5d0e000 	C:\WINDOWS\System32\msvcrt.dll
0x00007ffdd6280000 - 0x00007ffdd62ab000 	C:\WINDOWS\System32\GDI32.dll
0x00007ffdd4970000 - 0x00007ffdd4a89000 	C:\WINDOWS\System32\gdi32full.dll
0x00007ffdd48d0000 - 0x00007ffdd496d000 	C:\WINDOWS\System32\msvcp_win.dll
0x00007ffdd5b50000 - 0x00007ffdd5b7f000 	C:\WINDOWS\System32\IMM32.DLL
0x00007ffdd1130000 - 0x00007ffdd113c000 	C:\Users\alexw\.jdks\temurin-17.0.18\bin\vcruntime140_1.dll
0x00007ffdbdc50000 - 0x00007ffdbdcdd000 	C:\Users\alexw\.jdks\temurin-17.0.18\bin\msvcp140.dll
0x00007ffd82a80000 - 0x00007ffd836eb000 	C:\Users\alexw\.jdks\temurin-17.0.18\bin\server\jvm.dll
0x00007ffdd5fd0000 - 0x00007ffdd6081000 	C:\WINDOWS\System32\ADVAPI32.dll
0x00007ffdd55d0000 - 0x00007ffdd566f000 	C:\WINDOWS\System32\sechost.dll
0x00007ffdd5670000 - 0x00007ffdd5790000 	C:\WINDOWS\System32\RPCRT4.dll
0x00007ffdd4820000 - 0x00007ffdd4847000 	C:\WINDOWS\System32\bcrypt.dll
0x00007ffdd5f60000 - 0x00007ffdd5fcb000 	C:\WINDOWS\System32\WS2_32.dll
0x00007ffdd3640000 - 0x00007ffdd368b000 	C:\WINDOWS\SYSTEM32\POWRPROF.dll
0x00007ffdc5600000 - 0x00007ffdc5627000 	C:\WINDOWS\SYSTEM32\WINMM.dll
0x00007ffdce280000 - 0x00007ffdce28a000 	C:\WINDOWS\SYSTEM32\VERSION.dll
0x00007ffdd3500000 - 0x00007ffdd3512000 	C:\WINDOWS\SYSTEM32\UMPDC.dll
0x00007ffdd2910000 - 0x00007ffdd2922000 	C:\WINDOWS\SYSTEM32\kernel.appcore.dll
0x00007ffdd1110000 - 0x00007ffdd111a000 	C:\Users\alexw\.jdks\temurin-17.0.18\bin\jimage.dll
0x00007ffdd26d0000 - 0x00007ffdd28d1000 	C:\WINDOWS\SYSTEM32\DBGHELP.DLL
0x00007ffdbcb30000 - 0x00007ffdbcb64000 	C:\WINDOWS\SYSTEM32\dbgcore.DLL
0x00007ffdd4790000 - 0x00007ffdd4812000 	C:\WINDOWS\System32\bcryptPrimitives.dll
0x00007ffdc9e50000 - 0x00007ffdc9e75000 	C:\Users\alexw\.jdks\temurin-17.0.18\bin\java.dll
0x00007ffdbdb70000 - 0x00007ffdbdc47000 	C:\Users\alexw\.jdks\temurin-17.0.18\bin\jsvml.dll
0x00007ffdd4d90000 - 0x00007ffdd5500000 	C:\WINDOWS\System32\SHELL32.dll
0x00007ffdd1f20000 - 0x00007ffdd26c5000 	C:\WINDOWS\SYSTEM32\windows.storage.dll
0x00007ffdd57f0000 - 0x00007ffdd5b44000 	C:\WINDOWS\System32\combase.dll
0x00007ffdd3b30000 - 0x00007ffdd3b5b000 	C:\WINDOWS\SYSTEM32\Wldp.dll
0x00007ffdd6900000 - 0x00007ffdd69cd000 	C:\WINDOWS\System32\OLEAUT32.dll
0x00007ffdd6090000 - 0x00007ffdd613d000 	C:\WINDOWS\System32\SHCORE.dll
0x00007ffdd69d0000 - 0x00007ffdd6a2b000 	C:\WINDOWS\System32\shlwapi.dll
0x00007ffdd4030000 - 0x00007ffdd4054000 	C:\WINDOWS\SYSTEM32\profapi.dll
0x00007ffdc9e30000 - 0x00007ffdc9e4a000 	C:\Users\alexw\.jdks\temurin-17.0.18\bin\net.dll
0x00007ffdcc010000 - 0x00007ffdcc11a000 	C:\WINDOWS\SYSTEM32\WINHTTP.dll
0x00007ffdd3890000 - 0x00007ffdd38fa000 	C:\WINDOWS\system32\mswsock.dll
0x00007ffdc8b40000 - 0x00007ffdc8b56000 	C:\Users\alexw\.jdks\temurin-17.0.18\bin\nio.dll
0x00007ffdc69a0000 - 0x00007ffdc69b8000 	C:\Users\alexw\.jdks\temurin-17.0.18\bin\zip.dll
0x00007ffdcdd20000 - 0x00007ffdcdd30000 	C:\Users\alexw\.jdks\temurin-17.0.18\bin\verify.dll
0x00007ffdc9e80000 - 0x00007ffdc9ea7000 	C:\Users\alexw\.gradle\native\e1d6ef7f7dcc3fd88c89a11ec53ec762bb8ba0a96d01ffa2cd45eb1d1d8dd5c5\windows-amd64\native-platform.dll
0x00007ffda2e80000 - 0x00007ffda2fc4000 	C:\Users\alexw\.gradle\native\0d407fdbe67a94daf76414ababcb853783967236a71b16ec16e742cd7a986fd3\windows-amd64\native-platform-file-events.dll
0x00007ffdc8e80000 - 0x00007ffdc8e8a000 	C:\Users\alexw\.jdks\temurin-17.0.18\bin\management.dll
0x00007ffdc6f70000 - 0x00007ffdc6f7c000 	C:\Users\alexw\.jdks\temurin-17.0.18\bin\management_ext.dll
0x00007ffdd5b80000 - 0x00007ffdd5b88000 	C:\WINDOWS\System32\PSAPI.DLL
0x00007ffdd3a80000 - 0x00007ffdd3a98000 	C:\WINDOWS\SYSTEM32\CRYPTSP.dll
0x00007ffdd3140000 - 0x00007ffdd3178000 	C:\WINDOWS\system32\rsaenh.dll
0x00007ffdd3ff0000 - 0x00007ffdd401e000 	C:\WINDOWS\SYSTEM32\USERENV.dll
0x00007ffdd3aa0000 - 0x00007ffdd3aac000 	C:\WINDOWS\SYSTEM32\CRYPTBASE.dll
0x00007ffdd3520000 - 0x00007ffdd355b000 	C:\WINDOWS\SYSTEM32\IPHLPAPI.DLL
0x00007ffdd6140000 - 0x00007ffdd6148000 	C:\WINDOWS\System32\NSI.dll
0x00007ffdcc940000 - 0x00007ffdcc957000 	C:\WINDOWS\SYSTEM32\dhcpcsvc6.DLL
0x00007ffdcd220000 - 0x00007ffdcd23d000 	C:\WINDOWS\SYSTEM32\dhcpcsvc.DLL
0x00007ffdd3570000 - 0x00007ffdd363a000 	C:\WINDOWS\SYSTEM32\DNSAPI.dll
0x00007ffdc4f10000 - 0x00007ffdc4f19000 	C:\Users\alexw\.jdks\temurin-17.0.18\bin\extnet.dll
0x00007ffdc9880000 - 0x00007ffdc988e000 	C:\Users\alexw\.jdks\temurin-17.0.18\bin\sunmscapi.dll
0x00007ffdd4230000 - 0x00007ffdd438d000 	C:\WINDOWS\System32\CRYPT32.dll
0x00007ffdd3ba0000 - 0x00007ffdd3bc7000 	C:\WINDOWS\SYSTEM32\ncrypt.dll
0x00007ffdd3b60000 - 0x00007ffdd3b9b000 	C:\WINDOWS\SYSTEM32\NTASN1.dll
0x00007ffdcbab0000 - 0x00007ffdcbab7000 	C:\WINDOWS\system32\wshunix.dll
0x00007ffdd3390000 - 0x00007ffdd33c3000 	C:\WINDOWS\SYSTEM32\ntmarta.dll
0x00007ffdcb750000 - 0x00007ffdcb75a000 	C:\Windows\System32\rasadhlp.dll
0x00007ffdcb110000 - 0x00007ffdcb190000 	C:\WINDOWS\System32\fwpuclnt.dll

dbghelp: loaded successfully - version: 4.0.5 - missing functions: none
symbol engine: initialized successfully - sym options: 0x614 - pdb path: .;C:\Users\alexw\.jdks\temurin-17.0.18\bin;C:\WINDOWS\SYSTEM32;C:\WINDOWS\WinSxS\amd64_microsoft.windows.common-controls_6595b64144ccf1df_6.0.19041.6456_none_60b8a6cb71f64256;C:\Users\alexw\.jdks\temurin-17.0.18\bin\server;C:\Users\alexw\.gradle\native\e1d6ef7f7dcc3fd88c89a11ec53ec762bb8ba0a96d01ffa2cd45eb1d1d8dd5c5\windows-amd64;C:\Users\alexw\.gradle\native\0d407fdbe67a94daf76414ababcb853783967236a71b16ec16e742cd7a986fd3\windows-amd64

VM Arguments:
jvm_args: --add-opens=java.base/java.util=ALL-UNNAMED --add-opens=java.base/java.lang=ALL-UNNAMED --add-opens=java.base/java.lang.invoke=ALL-UNNAMED --add-opens=java.base/java.util=ALL-UNNAMED --add-opens=java.prefs/java.util.prefs=ALL-UNNAMED --add-opens=java.prefs/java.util.prefs=ALL-UNNAMED --add-opens=java.base/java.nio.charset=ALL-UNNAMED --add-opens=java.base/java.net=ALL-UNNAMED --add-opens=java.base/java.util.concurrent.atomic=ALL-UNNAMED -Xmx16G -Dfile.encoding=UTF-8 -Duser.country=GB -Duser.language=en -Duser.variant 
java_command: org.gradle.launcher.daemon.bootstrap.GradleDaemon 7.5.1
java_class_path (initial): C:\Users\alexw\.gradle\wrapper\dists\gradle-7.5.1-bin\7jzzequgds1hbszbhq3npc5ng\gradle-7.5.1\lib\gradle-launcher-7.5.1.jar
Launcher Type: SUN_STANDARD

[Global flags]
     intx CICompilerCount                          = 3                                         {product} {ergonomic}
     uint ConcGCThreads                            = 1                                         {product} {ergonomic}
     uint G1ConcRefinementThreads                  = 4                                         {product} {ergonomic}
   size_t G1HeapRegionSize                         = 8388608                                   {product} {ergonomic}
    uintx GCDrainStackTargetSize                   = 64                                        {product} {ergonomic}
   size_t InitialHeapSize                          = 134217728                                 {product} {ergonomic}
   size_t MarkStackSize                            = 4194304                                   {product} {ergonomic}
   size_t MaxHeapSize                              = 17179869184                               {product} {command line}
   size_t MaxNewSize                               = 10301210624                               {product} {ergonomic}
   size_t MinHeapDeltaBytes                        = 8388608                                   {product} {ergonomic}
   size_t MinHeapSize                              = 8388608                                   {product} {ergonomic}
    uintx NonNMethodCodeHeapSize                   = 5832780                                {pd product} {ergonomic}
    uintx NonProfiledCodeHeapSize                  = 122912730                              {pd product} {ergonomic}
    uintx ProfiledCodeHeapSize                     = 122912730                              {pd product} {ergonomic}
    uintx ReservedCodeCacheSize                    = 251658240                              {pd product} {ergonomic}
     bool SegmentedCodeCache                       = true                                      {product} {ergonomic}
   size_t SoftMaxHeapSize                          = 17179869184                            {manageable} {ergonomic}
     bool UseCompressedClassPointers               = true                           {product lp64_product} {ergonomic}
     bool UseCompressedOops                        = true                           {product lp64_product} {ergonomic}
     bool UseG1GC                                  = true                                      {product} {ergonomic}
     bool UseLargePagesIndividualAllocation        = false                                  {pd product} {ergonomic}

Logging:
Log output configuration:
 #0: stdout all=warning uptime,level,tags
 #1: stderr all=off uptime,level,tags

Environment Variables:
PATH=C:\WINDOWS\system32;C:\WINDOWS;C:\WINDOWS\System32\Wbem;C:\WINDOWS\System32\WindowsPowerShell\v1.0\;C:\WINDOWS\System32\OpenSSH\;C:\Program Files\dotnet\;C:\Users\alexw\AppData\Local\Microsoft\WindowsApps;E:\IntelliJ IDEA 2026.1\bin
USERNAME=alexw
OS=Windows_NT
PROCESSOR_IDENTIFIER=Intel64 Family 6 Model 142 Stepping 9, GenuineIntel
TMP=C:\Users\alexw\AppData\Local\Temp
TEMP=C:\Users\alexw\AppData\Local\Temp



Periodic native trim disabled


---------------  S Y S T E M  ---------------

OS:
 Windows 10 , 64 bit Build 19041 (10.0.19041.5915)
OS uptime: 6 days 2:32 hours

CPU: total 4 (initial active 4) (2 cores per cpu, 2 threads per core) family 6 model 142 stepping 9 microcode 0xb4, cx8, cmov, fxsr, ht, mmx, 3dnowpref, sse, sse2, sse3, ssse3, sse4.1, sse4.2, popcnt, lzcnt, tsc, tscinvbit, avx, avx2, aes, erms, clmul, bmi1, bmi2, adx, fma, vzeroupper, clflush, clflushopt
Processor Information for all 4 processors :
  Max Mhz: 2701, Current Mhz: 2600, Mhz Limit: 2592

Memory: 4k page, system-wide physical 8088M (632M free)
TotalPageFile size 10683M (AvailPageFile size 1092M)
current process WorkingSet (physical memory assigned to process): 1676M, peak: 1676M
current process commit charge ("private bytes"): 1883M, peak: 3447M

vm_info: OpenJDK 64-Bit Server VM (17.0.18+8) for windows-amd64 JRE (17.0.18+8), built on Jan 20 2026 22:28:22 by "admin" with MS VC++ 17.12 (VS2022)

END.
